Archive member included to satisfy reference by file (symbol)

/Applications/ArmGNUToolchain/13.3.rel1/arm-none-eabi/bin/../lib/gcc/arm-none-eabi/13.3.1/../../../../arm-none-eabi/lib/thumb/v7e-m+fp/softfp/libc_nano.a(libc_a-exit.o)
                              /Applications/ArmGNUToolchain/13.3.rel1/arm-none-eabi/bin/../lib/gcc/arm-none-eabi/13.3.1/../../../../arm-none-eabi/lib/thumb/v7e-m+fp/softfp/crt0.o (exit)
/Applications/ArmGNUToolchain/13.3.rel1/arm-none-eabi/bin/../lib/gcc/arm-none-eabi/13.3.1/../../../../arm-none-eabi/lib/thumb/v7e-m+fp/softfp/libc_nano.a(libc_a-findfp.o)
                              /Applications/ArmGNUToolchain/13.3.rel1/arm-none-eabi/bin/../lib/gcc/arm-none-eabi/13.3.1/../../../../arm-none-eabi/lib/thumb/v7e-m+fp/softfp/libc_nano.a(libc_a-exit.o) (__stdio_exit_handler)
/Applications/ArmGNUToolchain/13.3.rel1/arm-none-eabi/bin/../lib/gcc/arm-none-eabi/13.3.1/../../../../arm-none-eabi/lib/thumb/v7e-m+fp/softfp/libc_nano.a(libc_a-fwalk.o)
                              /Applications/ArmGNUToolchain/13.3.rel1/arm-none-eabi/bin/../lib/gcc/arm-none-eabi/13.3.1/../../../../arm-none-eabi/lib/thumb/v7e-m+fp/softfp/libc_nano.a(libc_a-findfp.o) (_fwalk_sglue)
/Applications/ArmGNUToolchain/13.3.rel1/arm-none-eabi/bin/../lib/gcc/arm-none-eabi/13.3.1/../../../../arm-none-eabi/lib/thumb/v7e-m+fp/softfp/libc_nano.a(libc_a-memset.o)
                              /Applications/ArmGNUToolchain/13.3.rel1/arm-none-eabi/bin/../lib/gcc/arm-none-eabi/13.3.1/../../../../arm-none-eabi/lib/thumb/v7e-m+fp/softfp/crt0.o (memset)
/Applications/ArmGNUToolchain/13.3.rel1/arm-none-eabi/bin/../lib/gcc/arm-none-eabi/13.3.1/../../../../arm-none-eabi/lib/thumb/v7e-m+fp/softfp/libc_nano.a(libc_a-init.o)
                              /Applications/ArmGNUToolchain/13.3.rel1/arm-none-eabi/bin/../lib/gcc/arm-none-eabi/13.3.1/../../../../arm-none-eabi/lib/thumb/v7e-m+fp/softfp/crt0.o (__libc_init_array)
/Applications/ArmGNUToolchain/13.3.rel1/arm-none-eabi/bin/../lib/gcc/arm-none-eabi/13.3.1/../../../../arm-none-eabi/lib/thumb/v7e-m+fp/softfp/libc_nano.a(libc_a-lock.o)
                              /Applications/ArmGNUToolchain/13.3.rel1/arm-none-eabi/bin/../lib/gcc/arm-none-eabi/13.3.1/../../../../arm-none-eabi/lib/thumb/v7e-m+fp/softfp/libc_nano.a(libc_a-findfp.o) (__retarget_lock_init_recursive)
/Applications/ArmGNUToolchain/13.3.rel1/arm-none-eabi/bin/../lib/gcc/arm-none-eabi/13.3.1/../../../../arm-none-eabi/lib/thumb/v7e-m+fp/softfp/libc_nano.a(libc_a-impure.o)
                              /Applications/ArmGNUToolchain/13.3.rel1/arm-none-eabi/bin/../lib/gcc/arm-none-eabi/13.3.1/../../../../arm-none-eabi/lib/thumb/v7e-m+fp/softfp/libc_nano.a(libc_a-findfp.o) (_impure_data)
/Applications/ArmGNUToolchain/13.3.rel1/arm-none-eabi/bin/../lib/gcc/arm-none-eabi/13.3.1/../../../../arm-none-eabi/lib/thumb/v7e-m+fp/softfp/libc_nano.a(libc_a-mallocr.o)
                              /Applications/ArmGNUToolchain/13.3.rel1/arm-none-eabi/bin/../lib/gcc/arm-none-eabi/13.3.1/../../../../arm-none-eabi/lib/thumb/v7e-m+fp/softfp/libc_nano.a(libc_a-findfp.o) (_malloc_r)
/Applications/ArmGNUToolchain/13.3.rel1/arm-none-eabi/bin/../lib/gcc/arm-none-eabi/13.3.1/../../../../arm-none-eabi/lib/thumb/v7e-m+fp/softfp/libc_nano.a(libc_a-fflush.o)
                              /Applications/ArmGNUToolchain/13.3.rel1/arm-none-eabi/bin/../lib/gcc/arm-none-eabi/13.3.1/../../../../arm-none-eabi/lib/thumb/v7e-m+fp/softfp/libc_nano.a(libc_a-findfp.o) (_fflush_r)
/Applications/ArmGNUToolchain/13.3.rel1/arm-none-eabi/bin/../lib/gcc/arm-none-eabi/13.3.1/../../../../arm-none-eabi/lib/thumb/v7e-m+fp/softfp/libc_nano.a(libc_a-mlock.o)
                              /Applications/ArmGNUToolchain/13.3.rel1/arm-none-eabi/bin/../lib/gcc/arm-none-eabi/13.3.1/../../../../arm-none-eabi/lib/thumb/v7e-m+fp/softfp/libc_nano.a(libc_a-mallocr.o) (__malloc_lock)
/Applications/ArmGNUToolchain/13.3.rel1/arm-none-eabi/bin/../lib/gcc/arm-none-eabi/13.3.1/../../../../arm-none-eabi/lib/thumb/v7e-m+fp/softfp/libc_nano.a(libc_a-stdio.o)
                              /Applications/ArmGNUToolchain/13.3.rel1/arm-none-eabi/bin/../lib/gcc/arm-none-eabi/13.3.1/../../../../arm-none-eabi/lib/thumb/v7e-m+fp/softfp/libc_nano.a(libc_a-findfp.o) (__sread)
/Applications/ArmGNUToolchain/13.3.rel1/arm-none-eabi/bin/../lib/gcc/arm-none-eabi/13.3.1/../../../../arm-none-eabi/lib/thumb/v7e-m+fp/softfp/libc_nano.a(libc_a-lseekr.o)
                              /Applications/ArmGNUToolchain/13.3.rel1/arm-none-eabi/bin/../lib/gcc/arm-none-eabi/13.3.1/../../../../arm-none-eabi/lib/thumb/v7e-m+fp/softfp/libc_nano.a(libc_a-stdio.o) (_lseek_r)
/Applications/ArmGNUToolchain/13.3.rel1/arm-none-eabi/bin/../lib/gcc/arm-none-eabi/13.3.1/../../../../arm-none-eabi/lib/thumb/v7e-m+fp/softfp/libc_nano.a(libc_a-readr.o)
[...]
Memory Configuration

Name             Origin             Length             Attributes
RAM              0x20000000         0x00020000         xrw
FLASH            0x08000000         0x00080000         xr
*default*        0x00000000         0xffffffff

Linker script and memory map

LOAD /Applications/ArmGNUToolchain/13.3.rel1/arm-none-eabi/bin/../lib/gcc/arm-none-eabi/13.3.1/thumb/v7e-m+fp/softfp/crti.o
LOAD /Applications/ArmGNUToolchain/13.3.rel1/arm-none-eabi/bin/../lib/gcc/arm-none-eabi/13.3.1/thumb/v7e-m+fp/softfp/crtbegin.o
LOAD /Applications/ArmGNUToolchain/13.3.rel1/arm-none-eabi/bin/../lib/gcc/arm-none-eabi/13.3.1/../../../../arm-none-eabi/lib/thumb/v7e-m+fp/softfp/crt0.o
START GROUP
LOAD /Applications/ArmGNUToolchain/13.3.rel1/arm-none-eabi/bin/../lib/gcc/arm-none-eabi/13.3.1/../../../../arm-none-eabi/lib/thumb/v7e-m+fp/softfp/libc_nano.a
LOAD /Applications/ArmGNUToolchain/13.3.rel1/arm-none-eabi/bin/../lib/gcc/arm-none-eabi/13.3.1/../../../../arm-none-eabi/lib/thumb/v7e-m+fp/softfp/libm.a
LOAD /Applications/ArmGNUToolchain/13.3.rel1/arm-none-eabi/bin/../lib/gcc/arm-none-eabi/13.3.1/../../../../arm-none-eabi/lib/thumb/v7e-m+fp/softfp/libstdc++_nano.a
END GROUP
LOAD CMakeFiles/Main.dir/Users/naichenzhao/Desktop/BML/lf_usm/STM_sdk/Core/Src/stm32_startup.c.obj
LOAD CMakeFiles/Main.dir/Users/naichenzhao/Desktop/BML/lf_usm/STM_sdk/Core/Src/stm32f4xx_hal_msp.c.obj
LOAD CMakeFiles/Main.dir/Users/naichenzhao/Desktop/BML/lf_usm/STM_sdk/Core/Src/stm32f4xx_it.c.obj
LOAD CMakeFiles/Main.dir/Users/naichenzhao/Desktop/BML/lf_usm/STM_sdk/Core/Src/system_stm32f4xx.c.obj
LOAD CMakeFiles/Main.dir/Users/naichenzhao/Desktop/BML/lf_usm/STM_sdk/Drivers/STM32F4xx_HAL_Driver/Src/stm32f4xx_hal.c.obj
LOAD CMakeFiles/Main.dir/Users/naichenzhao/Desktop/BML/lf_usm/STM_sdk/Drivers/STM32F4xx_HAL_Driver/Src/stm32f4xx_hal_adc.c.obj
LOAD CMakeFiles/Main.dir/Users/naichenzhao/Desktop/BML/lf_usm/STM_sdk/Drivers/STM32F4xx_HAL_Driver/Src/stm32f4xx_hal_adc_ex.c.obj
LOAD CMakeFiles/Main.dir/Users/naichenzhao/Desktop/BML/lf_usm/STM_sdk/Drivers/STM32F4xx_HAL_Driver/Src/stm32f4xx_hal_can.c.obj
LOAD CMakeFiles/Main.dir/Users/naichenzhao/Desktop/BML/lf_usm/STM_sdk/Drivers/STM32F4xx_HAL_Driver/Src/stm32f4xx_hal_cec.c.obj
LOAD CMakeFiles/Main.dir/Users/naichenzhao/Desktop/BML/lf_usm/STM_sdk/Drivers/STM32F4xx_HAL_Driver/Src/stm32f4xx_hal_cortex.c.obj
LOAD CMakeFiles/Main.dir/Users/naichenzhao/Desktop/BML/lf_usm/STM_sdk/Drivers/STM32F4xx_HAL_Driver/Src/stm32f4xx_hal_crc.c.obj
LOAD CMakeFiles/Main.dir/Users/naichenzhao/Desktop/BML/lf_usm/STM_sdk/Drivers/STM32F4xx_HAL_Driver/Src/stm32f4xx_hal_cryp.c.obj
LOAD CMakeFiles/Main.dir/Users/naichenzhao/Desktop/BML/lf_usm/STM_sdk/Drivers/STM32F4xx_HAL_Driver/Src/stm32f4xx_hal_cryp_ex.c.obj
LOAD CMakeFiles/Main.dir/Users/naichenzhao/Desktop/BML/lf_usm/STM_sdk/Drivers/STM32F4xx_HAL_Driver/Src/stm32f4xx_hal_dac.c.obj
LOAD CMakeFiles/Main.dir/Users/naichenzhao/Desktop/BML/lf_usm/STM_sdk/Drivers/STM32F4xx_HAL_Driver/Src/stm32f4xx_hal_dac_ex.c.obj
LOAD CMakeFiles/Main.dir/Users/naichenzhao/Desktop/BML/lf_usm/STM_sdk/Drivers/STM32F4xx_HAL_Driver/Src/stm32f4xx_hal_dcmi.c.obj
LOAD CMakeFiles/Main.dir/Users/naichenzhao/Desktop/BML/lf_usm/STM_sdk/Drivers/STM32F4xx_HAL_Driver/Src/stm32f4xx_hal_dcmi_ex.c.obj
LOAD CMakeFiles/Main.dir/Users/naichenzhao/Desktop/BML/lf_usm/STM_sdk/Drivers/STM32F4xx_HAL_Driver/Src/stm32f4xx_hal_dfsdm.c.obj
LOAD CMakeFiles/Main.dir/Users/naichenzhao/Desktop/BML/lf_usm/STM_sdk/Drivers/STM32F4xx_HAL_Driver/Src/stm32f4xx_hal_dma.c.obj
LOAD CMakeFiles/Main.dir/Users/naichenzhao/Desktop/BML/lf_usm/STM_sdk/Drivers/STM32F4xx_HAL_Driver/Src/stm32f4xx_hal_dma2d.c.obj
LOAD CMakeFiles/Main.dir/Users/naichenzhao/Desktop/BML/lf_usm/STM_sdk/Drivers/STM32F4xx_HAL_Driver/Src/stm32f4xx_hal_dma_ex.c.obj
LOAD CMakeFiles/Main.dir/Users/naichenzhao/Desktop/BML/lf_usm/STM_sdk/Drivers/STM32F4xx_HAL_Driver/Src/stm32f4xx_hal_dsi.c.obj
LOAD CMakeFiles/Main.dir/Users/naichenzhao/Desktop/BML/lf_usm/STM_sdk/Drivers/STM32F4xx_HAL_Driver/Src/stm32f4xx_hal_eth.c.obj
LOAD CMakeFiles/Main.dir/Users/naichenzhao/Desktop/BML/lf_usm/STM_sdk/Drivers/STM32F4xx_HAL_Driver/Src/stm32f4xx_hal_exti.c.obj
LOAD CMakeFiles/Main.dir/Users/naichenzhao/Desktop/BML/lf_usm/STM_sdk/Drivers/STM32F4xx_HAL_Driver/Src/stm32f4xx_hal_flash.c.obj
LOAD CMakeFiles/Main.dir/Users/naichenzhao/Desktop/BML/lf_usm/STM_sdk/Drivers/STM32F4xx_HAL_Driver/Src/stm32f4xx_hal_flash_ex.c.obj
LOAD CMakeFiles/Main.dir/Users/naichenzhao/Desktop/BML/lf_usm/STM_sdk/Drivers/STM32F4xx_HAL_Driver/Src/stm32f4xx_hal_flash_ramfunc.c.obj
LOAD CMakeFiles/Main.dir/Users/naichenzhao/Desktop/BML/lf_usm/STM_sdk/Drivers/STM32F4xx_HAL_Driver/Src/stm32f4xx_hal_fmpi2c.c.obj
LOAD CMakeFiles/Main.dir/Users/naichenzhao/Desktop/BML/lf_usm/STM_sdk/Drivers/STM32F4xx_HAL_Driver/Src/stm32f4xx_hal_fmpi2c_ex.c.obj
LOAD CMakeFiles/Main.dir/Users/naichenzhao/Desktop/BML/lf_usm/STM_sdk/Drivers/STM32F4xx_HAL_Driver/Src/stm32f4xx_hal_fmpsmbus.c.obj
LOAD CMakeFiles/Main.dir/Users/naichenzhao/Desktop/BML/lf_usm/STM_sdk/Drivers/STM32F4xx_HAL_Driver/Src/stm32f4xx_hal_fmpsmbus_ex.c.obj
LOAD CMakeFiles/Main.dir/Users/naichenzhao/Desktop/BML/lf_usm/STM_sdk/Drivers/STM32F4xx_HAL_Driver/Src/stm32f4xx_hal_gpio.c.obj
LOAD CMakeFiles/Main.dir/Users/naichenzhao/Desktop/BML/lf_usm/STM_sdk/Drivers/STM32F4xx_HAL_Driver/Src/stm32f4xx_hal_hash.c.obj
LOAD CMakeFiles/Main.dir/Users/naichenzhao/Desktop/BML/lf_usm/STM_sdk/Drivers/STM32F4xx_HAL_Driver/Src/stm32f4xx_hal_hash_ex.c.obj
LOAD CMakeFiles/Main.dir/Users/naichenzhao/Desktop/BML/lf_usm/STM_sdk/Drivers/STM32F4xx_HAL_Driver/Src/stm32f4xx_hal_hcd.c.obj
LOAD CMakeFiles/Main.dir/Users/naichenzhao/Desktop/BML/lf_usm/STM_sdk/Drivers/STM32F4xx_HAL_Driver/Src/stm32f4xx_hal_i2c.c.obj
LOAD CMakeFiles/Main.dir/Users/naichenzhao/Desktop/BML/lf_usm/STM_sdk/Drivers/STM32F4xx_HAL_Driver/Src/stm32f4xx_hal_i2c_ex.c.obj
LOAD CMakeFiles/Main.dir/Users/naichenzhao/Desktop/BML/lf_usm/STM_sdk/Drivers/STM32F4xx_HAL_Driver/Src/stm32f4xx_hal_i2s.c.obj
LOAD CMakeFiles/Main.dir/Users/naichenzhao/Desktop/BML/lf_usm/STM_sdk/Drivers/STM32F4xx_HAL_Driver/Src/stm32f4xx_hal_i2s_ex.c.obj
LOAD CMakeFiles/Main.dir/Users/naichenzhao/Desktop/BML/lf_usm/STM_sdk/Drivers/STM32F4xx_HAL_Driver/Src/stm32f4xx_hal_irda.c.obj
LOAD CMakeFiles/Main.dir/Users/naichenzhao/Desktop/BML/lf_usm/STM_sdk/Drivers/STM32F4xx_HAL_Driver/Src/stm32f4xx_hal_iwdg.c.obj
LOAD CMakeFiles/Main.dir/Users/naichenzhao/Desktop/BML/lf_usm/STM_sdk/Drivers/STM32F4xx_HAL_Driver/Src/stm32f4xx_hal_lptim.c.obj
LOAD CMakeFiles/Main.dir/Users/naichenzhao/Desktop/BML/lf_usm/STM_sdk/Drivers/STM32F4xx_HAL_Driver/Src/stm32f4xx_hal_ltdc.c.obj
LOAD CMakeFiles/Main.dir/Users/naichenzhao/Desktop/BML/lf_usm/STM_sdk/Drivers/STM32F4xx_HAL_Driver/Src/stm32f4xx_hal_ltdc_ex.c.obj
LOAD CMakeFiles/Main.dir/Users/naichenzhao/Desktop/BML/lf_usm/STM_sdk/Drivers/STM32F4xx_HAL_Driver/Src/stm32f4xx_hal_mmc.c.obj
LOAD CMakeFiles/Main.dir/Users/naichenzhao/Desktop/BML/lf_usm/STM_sdk/Drivers/STM32F4xx_HAL_Driver/Src/stm32f4xx_hal_nand.c.obj
LOAD CMakeFiles/Main.dir/Users/naichenzhao/Desktop/BML/lf_usm/STM_sdk/Drivers/STM32F4xx_HAL_Driver/Src/stm32f4xx_hal_nor.c.obj
LOAD CMakeFiles/Main.dir/Users/naichenzhao/Desktop/BML/lf_usm/STM_sdk/Drivers/STM32F4xx_HAL_Driver/Src/stm32f4xx_hal_pccard.c.obj
LOAD CMakeFiles/Main.dir/Users/naichenzhao/Desktop/BML/lf_usm/STM_sdk/Drivers/STM32F4xx_HAL_Driver/Src/stm32f4xx_hal_pcd.c.obj
LOAD CMakeFiles/Main.dir/Users/naichenzhao/Desktop/BML/lf_usm/STM_sdk/Drivers/STM32F4xx_HAL_Driver/Src/stm32f4xx_hal_pcd_ex.c.obj
LOAD CMakeFiles/Main.dir/Users/naichenzhao/Desktop/BML/lf_usm/STM_sdk/Drivers/STM32F4xx_HAL_Driver/Src/stm32f4xx_hal_pwr.c.obj
LOAD CMakeFiles/Main.dir/Users/naichenzhao/Desktop/BML/lf_usm/STM_sdk/Drivers/STM32F4xx_HAL_Driver/Src/stm32f4xx_hal_pwr_ex.c.obj
LOAD CMakeFiles/Main.dir/Users/naichenzhao/Desktop/BML/lf_usm/STM_sdk/Drivers/STM32F4xx_HAL_Driver/Src/stm32f4xx_hal_qspi.c.obj
LOAD CMakeFiles/Main.dir/Users/naichenzhao/Desktop/BML/lf_usm/STM_sdk/Drivers/STM32F4xx_HAL_Driver/Src/stm32f4xx_hal_rcc.c.obj
LOAD CMakeFiles/Main.dir/Users/naichenzhao/Desktop/BML/lf_usm/STM_sdk/Drivers/STM32F4xx_HAL_Driver/Src/stm32f4xx_hal_rcc_ex.c.obj
LOAD CMakeFiles/Main.dir/Users/naichenzhao/Desktop/BML/lf_usm/STM_sdk/Drivers/STM32F4xx_HAL_Driver/Src/stm32f4xx_hal_rng.c.obj
LOAD CMakeFiles/Main.dir/Users/naichenzhao/Desktop/BML/lf_usm/STM_sdk/Drivers/STM32F4xx_HAL_Driver/Src/stm32f4xx_hal_rtc.c.obj
LOAD CMakeFiles/Main.dir/Users/naichenzhao/Desktop/BML/lf_usm/STM_sdk/Drivers/STM32F4xx_HAL_Driver/Src/stm32f4xx_hal_rtc_ex.c.obj
LOAD CMakeFiles/Main.dir/Users/naichenzhao/Desktop/BML/lf_usm/STM_sdk/Drivers/STM32F4xx_HAL_Driver/Src/stm32f4xx_hal_sai.c.obj
LOAD CMakeFiles/Main.dir/Users/naichenzhao/Desktop/BML/lf_usm/STM_sdk/Drivers/STM32F4xx_HAL_Driver/Src/stm32f4xx_hal_sai_ex.c.obj
LOAD CMakeFiles/Main.dir/Users/naichenzhao/Desktop/BML/lf_usm/STM_sdk/Drivers/STM32F4xx_HAL_Driver/Src/stm32f4xx_hal_sd.c.obj
LOAD CMakeFiles/Main.dir/Users/naichenzhao/Desktop/BML/lf_usm/STM_sdk/Drivers/STM32F4xx_HAL_Driver/Src/stm32f4xx_hal_sdram.c.obj
LOAD CMakeFiles/Main.dir/Users/naichenzhao/Desktop/BML/lf_usm/STM_sdk/Drivers/STM32F4xx_HAL_Driver/Src/stm32f4xx_hal_smartcard.c.obj
LOAD CMakeFiles/Main.dir/Users/naichenzhao/Desktop/BML/lf_usm/STM_sdk/Drivers/STM32F4xx_HAL_Driver/Src/stm32f4xx_hal_smbus.c.obj
LOAD CMakeFiles/Main.dir/Users/naichenzhao/Desktop/BML/lf_usm/STM_sdk/Drivers/STM32F4xx_HAL_Driver/Src/stm32f4xx_hal_spdifrx.c.obj
LOAD CMakeFiles/Main.dir/Users/naichenzhao/Desktop/BML/lf_usm/STM_sdk/Drivers/STM32F4xx_HAL_Driver/Src/stm32f4xx_hal_spi.c.obj
LOAD CMakeFiles/Main.dir/Users/naichenzhao/Desktop/BML/lf_usm/STM_sdk/Drivers/STM32F4xx_HAL_Driver/Src/stm32f4xx_hal_sram.c.obj
LOAD CMakeFiles/Main.dir/Users/naichenzhao/Desktop/BML/lf_usm/STM_sdk/Drivers/STM32F4xx_HAL_Driver/Src/stm32f4xx_hal_tim.c.obj
LOAD CMakeFiles/Main.dir/Users/naichenzhao/Desktop/BML/lf_usm/STM_sdk/Drivers/STM32F4xx_HAL_Driver/Src/stm32f4xx_hal_tim_ex.c.obj
LOAD CMakeFiles/Main.dir/Users/naichenzhao/Desktop/BML/lf_usm/STM_sdk/Drivers/STM32F4xx_HAL_Driver/Src/stm32f4xx_hal_uart.c.obj
LOAD CMakeFiles/Main.dir/Users/naichenzhao/Desktop/BML/lf_usm/STM_sdk/Drivers/STM32F4xx_HAL_Driver/Src/stm32f4xx_hal_usart.c.obj
LOAD CMakeFiles/Main.dir/Users/naichenzhao/Desktop/BML/lf_usm/STM_sdk/Drivers/STM32F4xx_HAL_Driver/Src/stm32f4xx_hal_wwdg.c.obj
LOAD CMakeFiles/Main.dir/Users/naichenzhao/Desktop/BML/lf_usm/STM_sdk/Drivers/STM32F4xx_HAL_Driver/Src/stm32f4xx_ll_adc.c.obj
LOAD CMakeFiles/Main.dir/Users/naichenzhao/Desktop/BML/lf_usm/STM_sdk/Drivers/STM32F4xx_HAL_Driver/Src/stm32f4xx_ll_crc.c.obj
LOAD CMakeFiles/Main.dir/Users/naichenzhao/Desktop/BML/lf_usm/STM_sdk/Drivers/STM32F4xx_HAL_Driver/Src/stm32f4xx_ll_dac.c.obj
LOAD CMakeFiles/Main.dir/Users/naichenzhao/Desktop/BML/lf_usm/STM_sdk/Drivers/STM32F4xx_HAL_Driver/Src/stm32f4xx_ll_dma.c.obj
LOAD CMakeFiles/Main.dir/Users/naichenzhao/Desktop/BML/lf_usm/STM_sdk/Drivers/STM32F4xx_HAL_Driver/Src/stm32f4xx_ll_dma2d.c.obj
LOAD CMakeFiles/Main.dir/Users/naichenzhao/Desktop/BML/lf_usm/STM_sdk/Drivers/STM32F4xx_HAL_Driver/Src/stm32f4xx_ll_exti.c.obj
LOAD CMakeFiles/Main.dir/Users/naichenzhao/Desktop/BML/lf_usm/STM_sdk/Drivers/STM32F4xx_HAL_Driver/Src/stm32f4xx_ll_fmc.c.obj
LOAD CMakeFiles/Main.dir/Users/naichenzhao/Desktop/BML/lf_usm/STM_sdk/Drivers/STM32F4xx_HAL_Driver/Src/stm32f4xx_ll_fmpi2c.c.obj
LOAD CMakeFiles/Main.dir/Users/naichenzhao/Desktop/BML/lf_usm/STM_sdk/Drivers/STM32F4xx_HAL_Driver/Src/stm32f4xx_ll_fsmc.c.obj
LOAD CMakeFiles/Main.dir/Users/naichenzhao/Desktop/BML/lf_usm/STM_sdk/Drivers/STM32F4xx_HAL_Driver/Src/stm32f4xx_ll_gpio.c.obj
LOAD CMakeFiles/Main.dir/Users/naichenzhao/Desktop/BML/lf_usm/STM_sdk/Drivers/STM32F4xx_HAL_Driver/Src/stm32f4xx_ll_i2c.c.obj
LOAD CMakeFiles/Main.dir/Users/naichenzhao/Desktop/BML/lf_usm/STM_sdk/Drivers/STM32F4xx_HAL_Driver/Src/stm32f4xx_ll_lptim.c.obj
LOAD CMakeFiles/Main.dir/Users/naichenzhao/Desktop/BML/lf_usm/STM_sdk/Drivers/STM32F4xx_HAL_Driver/Src/stm32f4xx_ll_pwr.c.obj
LOAD CMakeFiles/Main.dir/Users/naichenzhao/Desktop/BML/lf_usm/STM_sdk/Drivers/STM32F4xx_HAL_Driver/Src/stm32f4xx_ll_rcc.c.obj
LOAD CMakeFiles/Main.dir/Users/naichenzhao/Desktop/BML/lf_usm/STM_sdk/Drivers/STM32F4xx_HAL_Driver/Src/stm32f4xx_ll_rng.c.obj
LOAD CMakeFiles/Main.dir/Users/naichenzhao/Desktop/BML/lf_usm/STM_sdk/Drivers/STM32F4xx_HAL_Driver/Src/stm32f4xx_ll_rtc.c.obj
LOAD CMakeFiles/Main.dir/Users/naichenzhao/Desktop/BML/lf_usm/STM_sdk/Drivers/STM32F4xx_HAL_Driver/Src/stm32f4xx_ll_sdmmc.c.obj
LOAD CMakeFiles/Main.dir/Users/naichenzhao/Desktop/BML/lf_usm/STM_sdk/Drivers/STM32F4xx_HAL_Driver/Src/stm32f4xx_ll_spi.c.obj
LOAD CMakeFiles/Main.dir/Users/naichenzhao/Desktop/BML/lf_usm/STM_sdk/Drivers/STM32F4xx_HAL_Driver/Src/stm32f4xx_ll_tim.c.obj
LOAD CMakeFiles/Main.dir/Users/naichenzhao/Desktop/BML/lf_usm/STM_sdk/Drivers/STM32F4xx_HAL_Driver/Src/stm32f4xx_ll_usart.c.obj
LOAD CMakeFiles/Main.dir/Users/naichenzhao/Desktop/BML/lf_usm/STM_sdk/Drivers/STM32F4xx_HAL_Driver/Src/stm32f4xx_ll_usb.c.obj
LOAD CMakeFiles/Main.dir/Users/naichenzhao/Desktop/BML/lf_usm/STM_sdk/Drivers/STM32F4xx_HAL_Driver/Src/stm32f4xx_ll_utils.c.obj
LOAD CMakeFiles/Main.dir/Users/naichenzhao/Desktop/BML/lf_usm/STM_sdk/startup_stm32f446xx.s.obj
LOAD CMakeFiles/Main.dir/lib/schedule.c.obj
LOAD CMakeFiles/Main.dir/_main_main.c.obj
LOAD CMakeFiles/Main.dir/_qdec.c.obj
LOAD CMakeFiles/Main.dir/_motor_driver.c.obj
LOAD CMakeFiles/Main.dir/_stepper.c.obj
LOAD CMakeFiles/Main.dir/_usm.c.obj
LOAD CMakeFiles/Main.dir/_ffb_controller.c.obj
LOAD CMakeFiles/Main.dir/_sea_controllery.c.obj
LOAD CMakeFiles/Main.dir/_pid_controller.c.obj
LOAD CMakeFiles/Main.dir/_home.c.obj
LOAD CMakeFiles/Main.dir/_switches.c.obj
LOAD CMakeFiles/Main.dir/Main.c.obj
LOAD core/libreactor-c.a
LOAD core/liblf-low-level-platform-impl.a
LOAD core/liblf-platform-impl.a
START GROUP
LOAD /Applications/ArmGNUToolchain/13.3.rel1/arm-none-eabi/bin/../lib/gcc/arm-none-eabi/13.3.1/thumb/v7e-m+fp/softfp/libgcc.a
LOAD /Applications/ArmGNUToolchain/13.3.rel1/arm-none-eabi/bin/../lib/gcc/arm-none-eabi/13.3.1/../../../../arm-none-eabi/lib/thumb/v7e-m+fp/softfp/libc_nano.a
END GROUP
START GROUP
LOAD /Applications/ArmGNUToolchain/13.3.rel1/arm-none-eabi/bin/../lib/gcc/arm-none-eabi/13.3.1/thumb/v7e-m+fp/softfp/libgcc.a
LOAD /Applications/ArmGNUToolchain/13.3.rel1/arm-none-eabi/bin/../lib/gcc/arm-none-eabi/13.3.1/../../../../arm-none-eabi/lib/thumb/v7e-m+fp/softfp/libc_nano.a
LOAD /Applications/ArmGNUToolchain/13.3.rel1/arm-none-eabi/bin/../lib/gcc/arm-none-eabi/13.3.1/../../../../arm-none-eabi/lib/thumb/v7e-m+fp/softfp/libnosys.a
END GROUP
START GROUP
LOAD /Applications/ArmGNUToolchain/13.3.rel1/arm-none-eabi/bin/../lib/gcc/arm-none-eabi/13.3.1/thumb/v7e-m+fp/softfp/libgcc.a
LOAD /Applications/ArmGNUToolchain/13.3.rel1/arm-none-eabi/bin/../lib/gcc/arm-none-eabi/13.3.1/../../../../arm-none-eabi/lib/thumb/v7e-m+fp/softfp/libc_nano.a
LOAD /Applications/ArmGNUToolchain/13.3.rel1/arm-none-eabi/bin/../lib/gcc/arm-none-eabi/13.3.1/../../../../arm-none-eabi/lib/thumb/v7e-m+fp/softfp/libnosys.a
END GROUP
LOAD /Applications/ArmGNUToolchain/13.3.rel1/arm-none-eabi/bin/../lib/gcc/arm-none-eabi/13.3.1/thumb/v7e-m+fp/softfp/crtend.o
LOAD /Applications/ArmGNUToolchain/13.3.rel1/arm-none-eabi/bin/../lib/gcc/arm-none-eabi/13.3.1/thumb/v7e-m+fp/softfp/crtn.o
                0x20020000                        _estack = (ORIGIN (RAM) + LENGTH (RAM))
                0x00000200                        _Min_Heap_Size = 0x200
                0x00000400                        _Min_Stack_Size = 0x400

.isr_vector     0x08000000      0x1c4
                0x08000000                        . = ALIGN (0x4)
 *(.isr_vector)
 .isr_vector    0x08000000      0x1c4 CMakeFiles/Main.dir/Users/naichenzhao/Desktop/BML/lf_usm/STM_sdk/startup_stm32f446xx.s.obj
                0x08000000                g_pfnVectors
                0x080001c4                        . = ALIGN (0x4)

.text           0x080001d0     0xcad4
                0x080001d0                        . = ALIGN (0x4)
 *(.text)
 .text          0x080001d0      0x378 /Applications/ArmGNUToolchain/13.3.rel1/arm-none-eabi/bin/../lib/gcc/arm-none-eabi/13.3.1/thumb/v7e-m+fp/softfp/libgcc.a(_arm_addsubdf3.o)
                0x080001d0                __aeabi_drsub
                0x080001d8                __subdf3
                0x080001d8                __aeabi_dsub
                0x080001dc                __aeabi_dadd
                0x080001dc                __adddf3
                0x08000454                __aeabi_ui2d
                0x08000454                __floatunsidf
                0x08000474                __floatsidf
                0x08000474                __aeabi_i2d
                0x08000498                __extendsfdf2
                0x08000498                __aeabi_f2d
                0x080004dc                __aeabi_ul2d
                0x080004dc                __floatundidf
                0x080004ec                __aeabi_l2d
                0x080004ec                __floatdidf
 .text          0x08000548      0x424 /Applications/ArmGNUToolchain/13.3.rel1/arm-none-eabi/bin/../lib/gcc/arm-none-eabi/13.3.1/thumb/v7e-m+fp/softfp/libgcc.a(_arm_muldivdf3.o)
                0x08000548                __aeabi_dmul
                0x08000548                __muldf3
                0x0800079c                __aeabi_ddiv
                0x0800079c                __divdf3
 .text          0x0800096c      0x110 /Applications/ArmGNUToolchain/13.3.rel1/arm-none-eabi/bin/../lib/gcc/arm-none-eabi/13.3.1/thumb/v7e-m+fp/softfp/libgcc.a(_arm_cmpdf2.o)
                0x0800096c                __gedf2
                0x0800096c                __gtdf2
                0x08000974                __ledf2
                0x08000974                __ltdf2
                0x0800097c                __cmpdf2
                0x0800097c                __eqdf2
                0x0800097c                __nedf2
                0x080009f8                __aeabi_cdrcmple
                0x08000a08                __aeabi_cdcmple
                0x08000a08                __aeabi_cdcmpeq
                0x08000a18                __aeabi_dcmpeq
                0x08000a2c                __aeabi_dcmplt
                0x08000a40                __aeabi_dcmple
                0x08000a54                __aeabi_dcmpge
                0x08000a68                __aeabi_dcmpgt
 .text          0x08000a7c       0x50 /Applications/ArmGNUToolchain/13.3.rel1/arm-none-eabi/bin/../lib/gcc/arm-none-eabi/13.3.1/thumb/v7e-m+fp/softfp/libgcc.a(_arm_fixdfsi.o)
                0x08000a7c                __fixdfsi
                0x08000a7c                __aeabi_d2iz
 .text          0x08000acc       0xa0 /Applications/ArmGNUToolchain/13.3.rel1/arm-none-eabi/bin/../lib/gcc/arm-none-eabi/13.3.1/thumb/v7e-m+fp/softfp/libgcc.a(_arm_truncdfsf2.o)
                0x08000acc                __aeabi_d2f
                0x08000acc                __truncdfsf2
 .text          0x08000b6c      0x21c /Applications/ArmGNUToolchain/13.3.rel1/arm-none-eabi/bin/../lib/gcc/arm-none-eabi/13.3.1/thumb/v7e-m+fp/softfp/libgcc.a(_arm_addsubsf3.o)
                0x08000b6c                __aeabi_frsub
                0x08000b74                __aeabi_fsub
                0x08000b74                __subsf3
                0x08000b78                __aeabi_fadd
                0x08000b78                __addsf3
                0x08000cd8                __aeabi_ui2f
                0x08000cd8                __floatunsisf
                0x08000ce0                __floatsisf
                0x08000ce0                __aeabi_i2f
                0x08000cfc                __aeabi_ul2f
                0x08000cfc                __floatundisf
                0x08000d0c                __aeabi_l2f
                0x08000d0c                __floatdisf
 .text          0x08000d88       0xa0 /Applications/ArmGNUToolchain/13.3.rel1/arm-none-eabi/bin/../lib/gcc/arm-none-eabi/13.3.1/thumb/v7e-m+fp/softfp/libgcc.a(_aeabi_ldivmod.o)
                0x08000d88                __aeabi_ldivmod
 .text          0x08000e28       0x30 /Applications/ArmGNUToolchain/13.3.rel1/arm-none-eabi/bin/../lib/gcc/arm-none-eabi/13.3.1/thumb/v7e-m+fp/softfp/libgcc.a(_aeabi_uldivmod.o)
                0x08000e28                __aeabi_uldivmod
 .text          0x08000e58        0x4 /Applications/ArmGNUToolchain/13.3.rel1/arm-none-eabi/bin/../lib/gcc/arm-none-eabi/13.3.1/thumb/v7e-m+fp/softfp/libgcc.a(_dvmd_tls.o)
                0x08000e58                __aeabi_ldiv0
                0x08000e58                __aeabi_idiv0
 .text          0x08000e5c       0x14 /Applications/ArmGNUToolchain/13.3.rel1/arm-none-eabi/bin/../lib/gcc/arm-none-eabi/13.3.1/../../../../arm-none-eabi/lib/thumb/v7e-m+fp/softfp/libc_nano.a(libc_a-strcmp.o)
                0x08000e5c                strcmp
 .text          0x08000e70       0xa0 /Applications/ArmGNUToolchain/13.3.rel1/arm-none-eabi/bin/../lib/gcc/arm-none-eabi/13.3.1/../../../../arm-none-eabi/lib/thumb/v7e-m+fp/softfp/libc_nano.a(libc_a-memchr.o)
                0x08000e70                memchr
 .text          0x08000f10       0x10 /Applications/ArmGNUToolchain/13.3.rel1/arm-none-eabi/bin/../lib/gcc/arm-none-eabi/13.3.1/../../../../arm-none-eabi/lib/thumb/v7e-m+fp/softfp/libc_nano.a(libc_a-strlen.o)
                0x08000f10                strlen
 *(.text*)
 .text.deregister_tm_clones
                0x08000f20       0x1c /Applications/ArmGNUToolchain/13.3.rel1/arm-none-eabi/bin/../lib/gcc/arm-none-eabi/13.3.1/thumb/v7e-m+fp/softfp/crtbegin.o
 .text.register_tm_clones
                0x08000f3c       0x24 /Applications/ArmGNUToolchain/13.3.rel1/arm-none-eabi/bin/../lib/gcc/arm-none-eabi/13.3.1/thumb/v7e-m+fp/softfp/crtbegin.o
 .text.__do_global_dtors_aux
                0x08000f60       0x28 /Applications/ArmGNUToolchain/13.3.rel1/arm-none-eabi/bin/../lib/gcc/arm-none-eabi/13.3.1/thumb/v7e-m+fp/softfp/crtbegin.o
 .text.frame_dummy
                0x08000f88       0x24 /Applications/ArmGNUToolchain/13.3.rel1/arm-none-eabi/bin/../lib/gcc/arm-none-eabi/13.3.1/thumb/v7e-m+fp/softfp/crtbegin.o
 .text.exit     0x08000fac       0x24 /Applications/ArmGNUToolchain/13.3.rel1/arm-none-eabi/bin/../lib/gcc/arm-none-eabi/13.3.1/../../../../arm-none-eabi/lib/thumb/v7e-m+fp/softfp/libc_nano.a(libc_a-exit.o)
                0x08000fac                exit
 .text.std      0x08000fd0       0x6c /Applications/ArmGNUToolchain/13.3.rel1/arm-none-eabi/bin/../lib/gcc/arm-none-eabi/13.3.1/../../../../arm-none-eabi/lib/thumb/v7e-m+fp/softfp/libc_nano.a(libc_a-findfp.o)
 .text.stdio_exit_handler
                0x0800103c       0x18 /Applications/ArmGNUToolchain/13.3.rel1/arm-none-eabi/bin/../lib/gcc/arm-none-eabi/13.3.1/../../../../arm-none-eabi/lib/thumb/v7e-m+fp/softfp/libc_nano.a(libc_a-findfp.o)
 .text.cleanup_stdio
                0x08001054       0x40 /Applications/ArmGNUToolchain/13.3.rel1/arm-none-eabi/bin/../lib/gcc/arm-none-eabi/13.3.1/../../../../arm-none-eabi/lib/thumb/v7e-m+fp/softfp/libc_nano.a(libc_a-findfp.o)
 .text.global_stdio_init.part.0
                0x08001094       0x3c /Applications/ArmGNUToolchain/13.3.rel1/arm-none-eabi/bin/../lib/gcc/arm-none-eabi/13.3.1/../../../../arm-none-eabi/lib/thumb/v7e-m+fp/softfp/libc_nano.a(libc_a-findfp.o)
 .text.__sfp_lock_acquire
                0x080010d0        0xc /Applications/ArmGNUToolchain/13.3.rel1/arm-none-eabi/bin/../lib/gcc/arm-none-eabi/13.3.1/../../../../arm-none-eabi/lib/thumb/v7e-m+fp/softfp/libc_nano.a(libc_a-findfp.o)
                0x080010d0                __sfp_lock_acquire
 .text.__sfp_lock_release
                0x080010dc        0xc /Applications/ArmGNUToolchain/13.3.rel1/arm-none-eabi/bin/../lib/gcc/arm-none-eabi/13.3.1/../../../../arm-none-eabi/lib/thumb/v7e-m+fp/softfp/libc_nano.a(libc_a-findfp.o)
                0x080010dc                __sfp_lock_release
 .text.__sinit  0x080010e8       0x30 /Applications/ArmGNUToolchain/13.3.rel1/arm-none-eabi/bin/../lib/gcc/arm-none-eabi/13.3.1/../../../../arm-none-eabi/lib/thumb/v7e-m+fp/softfp/libc_nano.a(libc_a-findfp.o)
                0x080010e8                __sinit
 .text._fwalk_sglue
                0x08001118       0x3c /Applications/ArmGNUToolchain/13.3.rel1/arm-none-eabi/bin/../lib/gcc/arm-none-eabi/13.3.1/../../../../arm-none-eabi/lib/thumb/v7e-m+fp/softfp/libc_nano.a(libc_a-fwalk.o)
                0x08001118                _fwalk_sglue
 .text.memset   0x08001154       0x10 /Applications/ArmGNUToolchain/13.3.rel1/arm-none-eabi/bin/../lib/gcc/arm-none-eabi/13.3.1/../../../../arm-none-eabi/lib/thumb/v7e-m+fp/softfp/libc_nano.a(libc_a-memset.o)
                0x08001154                memset
 .text.__libc_init_array
                0x08001164       0x48 /Applications/ArmGNUToolchain/13.3.rel1/arm-none-eabi/bin/../lib/gcc/arm-none-eabi/13.3.1/../../../../arm-none-eabi/lib/thumb/v7e-m+fp/softfp/libc_nano.a(libc_a-init.o)
                0x08001164                __libc_init_array
 .text.__retarget_lock_init_recursive
                0x080011ac        0x2 /Applications/ArmGNUToolchain/13.3.rel1/arm-none-eabi/bin/../lib/gcc/arm-none-eabi/13.3.1/../../../../arm-none-eabi/lib/thumb/v7e-m+fp/softfp/libc_nano.a(libc_a-lock.o)
                0x080011ac                __retarget_lock_init_recursive
 .text.__retarget_lock_acquire_recursive
                0x080011ae        0x2 /Applications/ArmGNUToolchain/13.3.rel1/arm-none-eabi/bin/../lib/gcc/arm-none-eabi/13.3.1/../../../../arm-none-eabi/lib/thumb/v7e-m+fp/softfp/libc_nano.a(libc_a-lock.o)
                0x080011ae                __retarget_lock_acquire_recursive
 .text.__retarget_lock_release_recursive
                0x080011b0        0x2 /Applications/ArmGNUToolchain/13.3.rel1/arm-none-eabi/bin/../lib/gcc/arm-none-eabi/13.3.1/../../../../arm-none-eabi/lib/thumb/v7e-m+fp/softfp/libc_nano.a(libc_a-lock.o)
                0x080011b0                __retarget_lock_release_recursive
 *fill*         0x080011b2        0x2 
 .text.sbrk_aligned
                0x080011b4       0x44 /Applications/ArmGNUToolchain/13.3.rel1/arm-none-eabi/bin/../lib/gcc/arm-none-eabi/13.3.1/../../../../arm-none-eabi/lib/thumb/v7e-m+fp/softfp/libc_nano.a(libc_a-mallocr.o)
 .text._malloc_r
                0x080011f8      0x100 /Applications/ArmGNUToolchain/13.3.rel1/arm-none-eabi/bin/../lib/gcc/arm-none-eabi/13.3.1/../../../../arm-none-eabi/lib/thumb/v7e-m+fp/softfp/libc_nano.a(libc_a-mallocr.o)
                0x080011f8                _malloc_r
 .text.__sflush_r
                0x080012f8      0x108 /Applications/ArmGNUToolchain/13.3.rel1/arm-none-eabi/bin/../lib/gcc/arm-none-eabi/13.3.1/../../../../arm-none-eabi/lib/thumb/v7e-m+fp/softfp/libc_nano.a(libc_a-fflush.o)
                0x080012f8                __sflush_r
 .text._fflush_r
                0x08001400       0x50 /Applications/ArmGNUToolchain/13.3.rel1/arm-none-eabi/bin/../lib/gcc/arm-none-eabi/13.3.1/../../../../arm-none-eabi/lib/thumb/v7e-m+fp/softfp/libc_nano.a(libc_a-fflush.o)
                0x08001400                _fflush_r
 .text.fflush   0x08001450       0x28 /Applications/ArmGNUToolchain/13.3.rel1/arm-none-eabi/bin/../lib/gcc/arm-none-eabi/13.3.1/../../../../arm-none-eabi/lib/thumb/v7e-m+fp/softfp/libc_nano.a(libc_a-fflush.o)
                0x08001450                fflush
 .text.__malloc_lock
                0x08001478        0xc /Applications/ArmGNUToolchain/13.3.rel1/arm-none-eabi/bin/../lib/gcc/arm-none-eabi/13.3.1/../../../../arm-none-eabi/lib/thumb/v7e-m+fp/softfp/libc_nano.a(libc_a-mlock.o)
                0x08001478                __malloc_lock
 .text.__malloc_unlock
                0x08001484        0xc /Applications/ArmGNUToolchain/13.3.rel1/arm-none-eabi/bin/../lib/gcc/arm-none-eabi/13.3.1/../../../../arm-none-eabi/lib/thumb/v7e-m+fp/softfp/libc_nano.a(libc_a-mlock.o)
                0x08001484                __malloc_unlock
 .text.__sread  0x08001490       0x22 /Applications/ArmGNUToolchain/13.3.rel1/arm-none-eabi/bin/../lib/gcc/arm-none-eabi/13.3.1/../../../../arm-none-eabi/lib/thumb/v7e-m+fp/softfp/libc_nano.a(libc_a-stdio.o)
                0x08001490                __sread
 .text.__swrite
                0x080014b2       0x38 /Applications/ArmGNUToolchain/13.3.rel1/arm-none-eabi/bin/../lib/gcc/arm-none-eabi/13.3.1/../../../../arm-none-eabi/lib/thumb/v7e-m+fp/softfp/libc_nano.a(libc_a-stdio.o)
                0x080014b2                __swrite
 .text.__sseek  0x080014ea       0x24 /Applications/ArmGNUToolchain/13.3.rel1/arm-none-eabi/bin/../lib/gcc/arm-none-eabi/13.3.1/../../../../arm-none-eabi/lib/thumb/v7e-m+fp/softfp/libc_nano.a(libc_a-stdio.o)
                0x080014ea                __sseek
 .text.__sclose
                0x0800150e        0x8 /Applications/ArmGNUToolchain/13.3.rel1/arm-none-eabi/bin/../lib/gcc/arm-none-eabi/13.3.1/../../../../arm-none-eabi/lib/thumb/v7e-m+fp/softfp/libc_nano.a(libc_a-stdio.o)
                0x0800150e                __sclose
 *fill*         0x08001516        0x2 
 .text._lseek_r
                0x08001518       0x24 /Applications/ArmGNUToolchain/13.3.rel1/arm-none-eabi/bin/../lib/gcc/arm-none-eabi/13.3.1/../../../../arm-none-eabi/lib/thumb/v7e-m+fp/softfp/libc_nano.a(libc_a-lseekr.o)
                0x08001518                _lseek_r
 .text._read_r  0x0800153c       0x24 /Applications/ArmGNUToolchain/13.3.rel1/arm-none-eabi/bin/../lib/gcc/arm-none-eabi/13.3.1/../../../../arm-none-eabi/lib/thumb/v7e-m+fp/softfp/libc_nano.a(libc_a-readr.o)
                0x0800153c                _read_r
 .text._sbrk_r  0x08001560       0x20 /Applications/ArmGNUToolchain/13.3.rel1/arm-none-eabi/bin/../lib/gcc/arm-none-eabi/13.3.1/../../../../arm-none-eabi/lib/thumb/v7e-m+fp/softfp/libc_nano.a(libc_a-sbrkr.o)
                0x08001560                _sbrk_r
 .text._write_r
                0x08001580       0x24 /Applications/ArmGNUToolchain/13.3.rel1/arm-none-eabi/bin/../lib/gcc/arm-none-eabi/13.3.1/../../../../arm-none-eabi/lib/thumb/v7e-m+fp/softfp/libc_nano.a(libc_a-writer.o)
                0x08001580                _write_r
 .text._close_r
                0x080015a4       0x20 /Applications/ArmGNUToolchain/13.3.rel1/arm-none-eabi/bin/../lib/gcc/arm-none-eabi/13.3.1/../../../../arm-none-eabi/lib/thumb/v7e-m+fp/softfp/libc_nano.a(libc_a-closer.o)
                0x080015a4                _close_r
 .text._free_r  0x080015c4       0x94 /Applications/ArmGNUToolchain/13.3.rel1/arm-none-eabi/bin/../lib/gcc/arm-none-eabi/13.3.1/../../../../arm-none-eabi/lib/thumb/v7e-m+fp/softfp/libc_nano.a(libc_a-freer.o)
                0x080015c4                _free_r
 .text.MX_USART2_UART_Init
                0x08001658       0x34 CMakeFiles/Main.dir/Users/naichenzhao/Desktop/BML/lf_usm/STM_sdk/Core/Src/stm32_startup.c.obj
 .text._write   0x0800168c       0x18 CMakeFiles/Main.dir/Users/naichenzhao/Desktop/BML/lf_usm/STM_sdk/Core/Src/stm32_startup.c.obj
                0x0800168c                _write
 .text.SystemClock_Config
                0x080016a4       0x90 CMakeFiles/Main.dir/Users/naichenzhao/Desktop/BML/lf_usm/STM_sdk/Core/Src/stm32_startup.c.obj
                0x080016a4                SystemClock_Config
 .text.stm32_startup
                0x08001734       0x1c CMakeFiles/Main.dir/Users/naichenzhao/Desktop/BML/lf_usm/STM_sdk/Core/Src/stm32_startup.c.obj
                0x08001734                stm32_startup
 .text.HAL_MspInit
                0x08001750       0x38 CMakeFiles/Main.dir/Users/naichenzhao/Desktop/BML/lf_usm/STM_sdk/Core/Src/stm32f4xx_hal_msp.c.obj
                0x08001750                HAL_MspInit
 .text.HAL_ADC_MspInit
                0x08001788       0x68 CMakeFiles/Main.dir/Users/naichenzhao/Desktop/BML/lf_usm/STM_sdk/Core/Src/stm32f4xx_hal_msp.c.obj
                0x08001788                HAL_ADC_MspInit
 .text.HAL_TIM_PWM_MspInit
                0x080017f0       0x2c CMakeFiles/Main.dir/Users/naichenzhao/Desktop/BML/lf_usm/STM_sdk/Core/Src/stm32f4xx_hal_msp.c.obj
                0x080017f0                HAL_TIM_PWM_MspInit
 .text.HAL_TIM_Base_MspInit
                0x0800181c       0x78 CMakeFiles/Main.dir/Users/naichenzhao/Desktop/BML/lf_usm/STM_sdk/Core/Src/stm32f4xx_hal_msp.c.obj
                0x0800181c                HAL_TIM_Base_MspInit
 .text.HAL_TIM_MspPostInit
                0x08001894      0x104 CMakeFiles/Main.dir/Users/naichenzhao/Desktop/BML/lf_usm/STM_sdk/Core/Src/stm32f4xx_hal_msp.c.obj
                0x08001894                HAL_TIM_MspPostInit
 .text.HAL_UART_MspInit
                0x08001998      0x21c CMakeFiles/Main.dir/Users/naichenzhao/Desktop/BML/lf_usm/STM_sdk/Core/Src/stm32f4xx_hal_msp.c.obj
                0x08001998                HAL_UART_MspInit
 .text.NMI_Handler
                0x08001bb4        0x2 CMakeFiles/Main.dir/Users/naichenzhao/Desktop/BML/lf_usm/STM_sdk/Core/Src/stm32f4xx_it.c.obj
                0x08001bb4                NMI_Handler
 .text.HardFault_Handler
                0x08001bb6        0x2 CMakeFiles/Main.dir/Users/naichenzhao/Desktop/BML/lf_usm/STM_sdk/Core/Src/stm32f4xx_it.c.obj
                0x08001bb6                HardFault_Handler
 .text.MemManage_Handler
                0x08001bb8        0x2 CMakeFiles/Main.dir/Users/naichenzhao/Desktop/BML/lf_usm/STM_sdk/Core/Src/stm32f4xx_it.c.obj
                0x08001bb8                MemManage_Handler
 .text.BusFault_Handler
                0x08001bba        0x2 CMakeFiles/Main.dir/Users/naichenzhao/Desktop/BML/lf_usm/STM_sdk/Core/Src/stm32f4xx_it.c.obj
                0x08001bba                BusFault_Handler
 .text.UsageFault_Handler
                0x08001bbc        0x2 CMakeFiles/Main.dir/Users/naichenzhao/Desktop/BML/lf_usm/STM_sdk/Core/Src/stm32f4xx_it.c.obj
                0x08001bbc                UsageFault_Handler
 .text.SVC_Handler
                0x08001bbe        0x2 CMakeFiles/Main.dir/Users/naichenzhao/Desktop/BML/lf_usm/STM_sdk/Core/Src/stm32f4xx_it.c.obj
                0x08001bbe                SVC_Handler
 .text.DebugMon_Handler
                0x08001bc0        0x2 CMakeFiles/Main.dir/Users/naichenzhao/Desktop/BML/lf_usm/STM_sdk/Core/Src/stm32f4xx_it.c.obj
                0x08001bc0                DebugMon_Handler
 .text.PendSV_Handler
                0x08001bc2        0x2 CMakeFiles/Main.dir/Users/naichenzhao/Desktop/BML/lf_usm/STM_sdk/Core/Src/stm32f4xx_it.c.obj
                0x08001bc2                PendSV_Handler
 .text.SysTick_Handler
                0x08001bc4        0x8 CMakeFiles/Main.dir/Users/naichenzhao/Desktop/BML/lf_usm/STM_sdk/Core/Src/stm32f4xx_it.c.obj
                0x08001bc4                SysTick_Handler
 .text.DMA1_Stream5_IRQHandler
                0x08001bcc       0x10 CMakeFiles/Main.dir/Users/naichenzhao/Desktop/BML/lf_usm/STM_sdk/Core/Src/stm32f4xx_it.c.obj
                0x08001bcc                DMA1_Stream5_IRQHandler
 .text.DMA1_Stream6_IRQHandler
                0x08001bdc       0x10 CMakeFiles/Main.dir/Users/naichenzhao/Desktop/BML/lf_usm/STM_sdk/Core/Src/stm32f4xx_it.c.obj
                0x08001bdc                DMA1_Stream6_IRQHandler
 .text.USART2_IRQHandler
                0x08001bec       0x10 CMakeFiles/Main.dir/Users/naichenzhao/Desktop/BML/lf_usm/STM_sdk/Core/Src/stm32f4xx_it.c.obj
                0x08001bec                USART2_IRQHandler
 .text.SystemInit
                0x08001bfc       0x14 CMakeFiles/Main.dir/Users/naichenzhao/Desktop/BML/lf_usm/STM_sdk/Core/Src/system_stm32f4xx.c.obj
                0x08001bfc                SystemInit
 .text.HAL_InitTick
                0x08001c10       0x4c CMakeFiles/Main.dir/Users/naichenzhao/Desktop/BML/lf_usm/STM_sdk/Drivers/STM32F4xx_HAL_Driver/Src/stm32f4xx_hal.c.obj
                0x08001c10                HAL_InitTick
 .text.HAL_Init
                0x08001c5c       0x34 CMakeFiles/Main.dir/Users/naichenzhao/Desktop/BML/lf_usm/STM_sdk/Drivers/STM32F4xx_HAL_Driver/Src/stm32f4xx_hal.c.obj
                0x08001c5c                HAL_Init
 .text.HAL_IncTick
                0x08001c90       0x18 CMakeFiles/Main.dir/Users/naichenzhao/Desktop/BML/lf_usm/STM_sdk/Drivers/STM32F4xx_HAL_Driver/Src/stm32f4xx_hal.c.obj
                0x08001c90                HAL_IncTick
 .text.HAL_GetTick
                0x08001ca8        0xc CMakeFiles/Main.dir/Users/naichenzhao/Desktop/BML/lf_usm/STM_sdk/Drivers/STM32F4xx_HAL_Driver/Src/stm32f4xx_hal.c.obj
                0x08001ca8                HAL_GetTick
 .text.HAL_Delay
                0x08001cb4       0x28 CMakeFiles/Main.dir/Users/naichenzhao/Desktop/BML/lf_usm/STM_sdk/Drivers/STM32F4xx_HAL_Driver/Src/stm32f4xx_hal.c.obj
                0x08001cb4                HAL_Delay
 .text.ADC_Init
                0x08001cdc      0x134 CMakeFiles/Main.dir/Users/naichenzhao/Desktop/BML/lf_usm/STM_sdk/Drivers/STM32F4xx_HAL_Driver/Src/stm32f4xx_hal_adc.c.obj
 .text.HAL_ADC_Init
                0x08001e10       0x56 CMakeFiles/Main.dir/Users/naichenzhao/Desktop/BML/lf_usm/STM_sdk/Drivers/STM32F4xx_HAL_Driver/Src/stm32f4xx_hal_adc.c.obj
                0x08001e10                HAL_ADC_Init
 *fill*         0x08001e66        0x2 
 .text.HAL_ADC_Start
                0x08001e68      0x144 CMakeFiles/Main.dir/Users/naichenzhao/Desktop/BML/lf_usm/STM_sdk/Drivers/STM32F4xx_HAL_Driver/Src/stm32f4xx_hal_adc.c.obj
                0x08001e68                HAL_ADC_Start
 .text.HAL_ADC_PollForConversion
                0x08001fac       0xb8 CMakeFiles/Main.dir/Users/naichenzhao/Desktop/BML/lf_usm/STM_sdk/Drivers/STM32F4xx_HAL_Driver/Src/stm32f4xx_hal_adc.c.obj
                0x08001fac                HAL_ADC_PollForConversion
 .text.HAL_ADC_GetValue
                0x08002064        0x6 CMakeFiles/Main.dir/Users/naichenzhao/Desktop/BML/lf_usm/STM_sdk/Drivers/STM32F4xx_HAL_Driver/Src/stm32f4xx_hal_adc.c.obj
                0x08002064                HAL_ADC_GetValue
 *fill*         0x0800206a        0x2 
 .text.HAL_ADC_ConfigChannel
                0x0800206c      0x1ac CMakeFiles/Main.dir/Users/naichenzhao/Desktop/BML/lf_usm/STM_sdk/Drivers/STM32F4xx_HAL_Driver/Src/stm32f4xx_hal_adc.c.obj
                0x0800206c                HAL_ADC_ConfigChannel
 .text.__NVIC_EnableIRQ
                0x08002218       0x1c CMakeFiles/Main.dir/Users/naichenzhao/Desktop/BML/lf_usm/STM_sdk/Drivers/STM32F4xx_HAL_Driver/Src/stm32f4xx_hal_cortex.c.obj
 .text.__NVIC_SetPriority
                0x08002234       0x28 CMakeFiles/Main.dir/Users/naichenzhao/Desktop/BML/lf_usm/STM_sdk/Drivers/STM32F4xx_HAL_Driver/Src/stm32f4xx_hal_cortex.c.obj
 .text.NVIC_EncodePriority
                0x0800225c       0x3e CMakeFiles/Main.dir/Users/naichenzhao/Desktop/BML/lf_usm/STM_sdk/Drivers/STM32F4xx_HAL_Driver/Src/stm32f4xx_hal_cortex.c.obj
 *fill*         0x0800229a        0x2 
 .text.HAL_NVIC_SetPriorityGrouping
                0x0800229c       0x24 CMakeFiles/Main.dir/Users/naichenzhao/Desktop/BML/lf_usm/STM_sdk/Drivers/STM32F4xx_HAL_Driver/Src/stm32f4xx_hal_cortex.c.obj
                0x0800229c                HAL_NVIC_SetPriorityGrouping
 .text.HAL_NVIC_SetPriority
                0x080022c0       0x20 CMakeFiles/Main.dir/Users/naichenzhao/Desktop/BML/lf_usm/STM_sdk/Drivers/STM32F4xx_HAL_Driver/Src/stm32f4xx_hal_cortex.c.obj
                0x080022c0                HAL_NVIC_SetPriority
 .text.HAL_NVIC_EnableIRQ
                0x080022e0        0x8 CMakeFiles/Main.dir/Users/naichenzhao/Desktop/BML/lf_usm/STM_sdk/Drivers/STM32F4xx_HAL_Driver/Src/stm32f4xx_hal_cortex.c.obj
                0x080022e0                HAL_NVIC_EnableIRQ
 .text.HAL_SYSTICK_Config
                0x080022e8       0x28 CMakeFiles/Main.dir/Users/naichenzhao/Desktop/BML/lf_usm/STM_sdk/Drivers/STM32F4xx_HAL_Driver/Src/stm32f4xx_hal_cortex.c.obj
                0x080022e8                HAL_SYSTICK_Config
 .text.DMA_CalcBaseAndBitshift
                0x08002310       0x3c CMakeFiles/Main.dir/Users/naichenzhao/Desktop/BML/lf_usm/STM_sdk/Drivers/STM32F4xx_HAL_Driver/Src/stm32f4xx_hal_dma.c.obj
 .text.DMA_CheckFifoParam
                0x0800234c       0x8e CMakeFiles/Main.dir/Users/naichenzhao/Desktop/BML/lf_usm/STM_sdk/Drivers/STM32F4xx_HAL_Driver/Src/stm32f4xx_hal_dma.c.obj
 *fill*         0x080023da        0x2 
 .text.HAL_DMA_Init
                0x080023dc       0xcc CMakeFiles/Main.dir/Users/naichenzhao/Desktop/BML/lf_usm/STM_sdk/Drivers/STM32F4xx_HAL_Driver/Src/stm32f4xx_hal_dma.c.obj
                0x080023dc                HAL_DMA_Init
 .text.HAL_DMA_Abort
                0x080024a8       0x94 CMakeFiles/Main.dir/Users/naichenzhao/Desktop/BML/lf_usm/STM_sdk/Drivers/STM32F4xx_HAL_Driver/Src/stm32f4xx_hal_dma.c.obj
                0x080024a8                HAL_DMA_Abort
 .text.HAL_DMA_Abort_IT
                0x0800253c       0x26 CMakeFiles/Main.dir/Users/naichenzhao/Desktop/BML/lf_usm/STM_sdk/Drivers/STM32F4xx_HAL_Driver/Src/stm32f4xx_hal_dma.c.obj
                0x0800253c                HAL_DMA_Abort_IT
 *fill*         0x08002562        0x2 
 .text.HAL_DMA_IRQHandler
                0x08002564      0x1dc CMakeFiles/Main.dir/Users/naichenzhao/Desktop/BML/lf_usm/STM_sdk/Drivers/STM32F4xx_HAL_Driver/Src/stm32f4xx_hal_dma.c.obj
                0x08002564                HAL_DMA_IRQHandler
 .text.HAL_GPIO_Init
                0x08002740      0x1e0 CMakeFiles/Main.dir/Users/naichenzhao/Desktop/BML/lf_usm/STM_sdk/Drivers/STM32F4xx_HAL_Driver/Src/stm32f4xx_hal_gpio.c.obj
                0x08002740                HAL_GPIO_Init
 .text.HAL_GPIO_ReadPin
                0x08002920        0xe CMakeFiles/Main.dir/Users/naichenzhao/Desktop/BML/lf_usm/STM_sdk/Drivers/STM32F4xx_HAL_Driver/Src/stm32f4xx_hal_gpio.c.obj
                0x08002920                HAL_GPIO_ReadPin
 .text.HAL_GPIO_WritePin
                0x0800292e        0xc CMakeFiles/Main.dir/Users/naichenzhao/Desktop/BML/lf_usm/STM_sdk/Drivers/STM32F4xx_HAL_Driver/Src/stm32f4xx_hal_gpio.c.obj
                0x0800292e                HAL_GPIO_WritePin
 *fill*         0x0800293a        0x2 
 .text.HAL_RCC_ClockConfig
                0x0800293c      0x160 CMakeFiles/Main.dir/Users/naichenzhao/Desktop/BML/lf_usm/STM_sdk/Drivers/STM32F4xx_HAL_Driver/Src/stm32f4xx_hal_rcc.c.obj
                0x0800293c                HAL_RCC_ClockConfig
 .text.HAL_RCC_GetHCLKFreq
                0x08002a9c        0xc CMakeFiles/Main.dir/Users/naichenzhao/Desktop/BML/lf_usm/STM_sdk/Drivers/STM32F4xx_HAL_Driver/Src/stm32f4xx_hal_rcc.c.obj
                0x08002a9c                HAL_RCC_GetHCLKFreq
 .text.HAL_RCC_GetPCLK1Freq
                0x08002aa8       0x20 CMakeFiles/Main.dir/Users/naichenzhao/Desktop/BML/lf_usm/STM_sdk/Drivers/STM32F4xx_HAL_Driver/Src/stm32f4xx_hal_rcc.c.obj
                0x08002aa8                HAL_RCC_GetPCLK1Freq
 .text.HAL_RCC_GetPCLK2Freq
                0x08002ac8       0x20 CMakeFiles/Main.dir/Users/naichenzhao/Desktop/BML/lf_usm/STM_sdk/Drivers/STM32F4xx_HAL_Driver/Src/stm32f4xx_hal_rcc.c.obj
                0x08002ac8                HAL_RCC_GetPCLK2Freq
 .text.HAL_RCC_GetSysClockFreq
                0x08002ae8      0x128 CMakeFiles/Main.dir/Users/naichenzhao/Desktop/BML/lf_usm/STM_sdk/Drivers/STM32F4xx_HAL_Driver/Src/stm32f4xx_hal_rcc_ex.c.obj
                0x08002ae8                HAL_RCC_GetSysClockFreq
 .text.HAL_RCC_OscConfig
                0x08002c10      0x444 CMakeFiles/Main.dir/Users/naichenzhao/Desktop/BML/lf_usm/STM_sdk/Drivers/STM32F4xx_HAL_Driver/Src/stm32f4xx_hal_rcc_ex.c.obj
                0x08002c10                HAL_RCC_OscConfig
 .text.TIM_OC1_SetConfig
                0x08003054       0x70 CMakeFiles/Main.dir/Users/naichenzhao/Desktop/BML/lf_usm/STM_sdk/Drivers/STM32F4xx_HAL_Driver/Src/stm32f4xx_hal_tim.c.obj
 .text.TIM_OC3_SetConfig
                0x080030c4       0x70 CMakeFiles/Main.dir/Users/naichenzhao/Desktop/BML/lf_usm/STM_sdk/Drivers/STM32F4xx_HAL_Driver/Src/stm32f4xx_hal_tim.c.obj
 .text.TIM_OC4_SetConfig
                0x08003134       0x50 CMakeFiles/Main.dir/Users/naichenzhao/Desktop/BML/lf_usm/STM_sdk/Drivers/STM32F4xx_HAL_Driver/Src/stm32f4xx_hal_tim.c.obj
 .text.TIM_TI1_ConfigInputStage
                0x08003184       0x26 CMakeFiles/Main.dir/Users/naichenzhao/Desktop/BML/lf_usm/STM_sdk/Drivers/STM32F4xx_HAL_Driver/Src/stm32f4xx_hal_tim.c.obj
 .text.TIM_TI2_ConfigInputStage
                0x080031aa       0x28 CMakeFiles/Main.dir/Users/naichenzhao/Desktop/BML/lf_usm/STM_sdk/Drivers/STM32F4xx_HAL_Driver/Src/stm32f4xx_hal_tim.c.obj
 .text.TIM_ITRx_SetConfig
                0x080031d2       0x10 CMakeFiles/Main.dir/Users/naichenzhao/Desktop/BML/lf_usm/STM_sdk/Drivers/STM32F4xx_HAL_Driver/Src/stm32f4xx_hal_tim.c.obj
 *fill*         0x080031e2        0x2 
 .text.TIM_Base_SetConfig
                0x080031e4       0xd8 CMakeFiles/Main.dir/Users/naichenzhao/Desktop/BML/lf_usm/STM_sdk/Drivers/STM32F4xx_HAL_Driver/Src/stm32f4xx_hal_tim.c.obj
                0x080031e4                TIM_Base_SetConfig
 .text.HAL_TIM_Base_Init
                0x080032bc       0x58 CMakeFiles/Main.dir/Users/naichenzhao/Desktop/BML/lf_usm/STM_sdk/Drivers/STM32F4xx_HAL_Driver/Src/stm32f4xx_hal_tim.c.obj
                0x080032bc                HAL_TIM_Base_Init
 .text.HAL_TIM_PWM_Init
                0x08003314       0x58 CMakeFiles/Main.dir/Users/naichenzhao/Desktop/BML/lf_usm/STM_sdk/Drivers/STM32F4xx_HAL_Driver/Src/stm32f4xx_hal_tim.c.obj
                0x08003314                HAL_TIM_PWM_Init
 .text.TIM_OC2_SetConfig
                0x0800336c       0x70 CMakeFiles/Main.dir/Users/naichenzhao/Desktop/BML/lf_usm/STM_sdk/Drivers/STM32F4xx_HAL_Driver/Src/stm32f4xx_hal_tim.c.obj
                0x0800336c                TIM_OC2_SetConfig
 .text.HAL_TIM_PWM_ConfigChannel
                0x080033dc       0xdc CMakeFiles/Main.dir/Users/naichenzhao/Desktop/BML/lf_usm/STM_sdk/Drivers/STM32F4xx_HAL_Driver/Src/stm32f4xx_hal_tim.c.obj
                0x080033dc                HAL_TIM_PWM_ConfigChannel
 .text.TIM_ETR_SetConfig
                0x080034b8       0x1a CMakeFiles/Main.dir/Users/naichenzhao/Desktop/BML/lf_usm/STM_sdk/Drivers/STM32F4xx_HAL_Driver/Src/stm32f4xx_hal_tim.c.obj
                0x080034b8                TIM_ETR_SetConfig
 .text.HAL_TIM_ConfigClockSource
                0x080034d2       0xfe CMakeFiles/Main.dir/Users/naichenzhao/Desktop/BML/lf_usm/STM_sdk/Drivers/STM32F4xx_HAL_Driver/Src/stm32f4xx_hal_tim.c.obj
                0x080034d2                HAL_TIM_ConfigClockSource
 .text.TIM_CCxChannelCmd
                0x080035d0       0x1e CMakeFiles/Main.dir/Users/naichenzhao/Desktop/BML/lf_usm/STM_sdk/Drivers/STM32F4xx_HAL_Driver/Src/stm32f4xx_hal_tim.c.obj
                0x080035d0                TIM_CCxChannelCmd
 *fill*         0x080035ee        0x2 
 .text.HAL_TIM_PWM_Start
                0x080035f0      0x104 CMakeFiles/Main.dir/Users/naichenzhao/Desktop/BML/lf_usm/STM_sdk/Drivers/STM32F4xx_HAL_Driver/Src/stm32f4xx_hal_tim.c.obj
                0x080035f0                HAL_TIM_PWM_Start
 .text.HAL_TIMEx_MasterConfigSynchronization
                0x080036f4       0x8c CMakeFiles/Main.dir/Users/naichenzhao/Desktop/BML/lf_usm/STM_sdk/Drivers/STM32F4xx_HAL_Driver/Src/stm32f4xx_hal_tim_ex.c.obj
                0x080036f4                HAL_TIMEx_MasterConfigSynchronization
 .text.HAL_TIMEx_ConfigBreakDeadTime
                0x08003780       0x52 CMakeFiles/Main.dir/Users/naichenzhao/Desktop/BML/lf_usm/STM_sdk/Drivers/STM32F4xx_HAL_Driver/Src/stm32f4xx_hal_tim_ex.c.obj
                0x08003780                HAL_TIMEx_ConfigBreakDeadTime
 .text.UART_EndRxTransfer
                0x080037d2       0x5c CMakeFiles/Main.dir/Users/naichenzhao/Desktop/BML/lf_usm/STM_sdk/Drivers/STM32F4xx_HAL_Driver/Src/stm32f4xx_hal_uart.c.obj
 .text.UART_Transmit_IT
                0x0800382e       0x60 CMakeFiles/Main.dir/Users/naichenzhao/Desktop/BML/lf_usm/STM_sdk/Drivers/STM32F4xx_HAL_Driver/Src/stm32f4xx_hal_uart.c.obj
 *fill*         0x0800388e        0x2 
 .text.UART_SetConfig
                0x08003890      0x110 CMakeFiles/Main.dir/Users/naichenzhao/Desktop/BML/lf_usm/STM_sdk/Drivers/STM32F4xx_HAL_Driver/Src/stm32f4xx_hal_uart.c.obj
 .text.UART_WaitOnFlagUntilTimeout
                0x080039a0       0x86 CMakeFiles/Main.dir/Users/naichenzhao/Desktop/BML/lf_usm/STM_sdk/Drivers/STM32F4xx_HAL_Driver/Src/stm32f4xx_hal_uart.c.obj
 .text.HAL_UART_Init
                0x08003a26       0x60 CMakeFiles/Main.dir/Users/naichenzhao/Desktop/BML/lf_usm/STM_sdk/Drivers/STM32F4xx_HAL_Driver/Src/stm32f4xx_hal_uart.c.obj
                0x08003a26                HAL_UART_Init
 .text.HAL_UART_Transmit
                0x08003a86       0xcc CMakeFiles/Main.dir/Users/naichenzhao/Desktop/BML/lf_usm/STM_sdk/Drivers/STM32F4xx_HAL_Driver/Src/stm32f4xx_hal_uart.c.obj
                0x08003a86                HAL_UART_Transmit
 .text.HAL_UART_Receive
                0x08003b52       0xd2 CMakeFiles/Main.dir/Users/naichenzhao/Desktop/BML/lf_usm/STM_sdk/Drivers/STM32F4xx_HAL_Driver/Src/stm32f4xx_hal_uart.c.obj
                0x08003b52                HAL_UART_Receive
 .text.HAL_UART_TxCpltCallback
                0x08003c24        0x2 CMakeFiles/Main.dir/Users/naichenzhao/Desktop/BML/lf_usm/STM_sdk/Drivers/STM32F4xx_HAL_Driver/Src/stm32f4xx_hal_uart.c.obj
                0x08003c24                HAL_UART_TxCpltCallback
 .text.UART_EndTransmit_IT
                0x08003c26       0x1a CMakeFiles/Main.dir/Users/naichenzhao/Desktop/BML/lf_usm/STM_sdk/Drivers/STM32F4xx_HAL_Driver/Src/stm32f4xx_hal_uart.c.obj
 .text.HAL_UART_RxCpltCallback
                0x08003c40        0x2 CMakeFiles/Main.dir/Users/naichenzhao/Desktop/BML/lf_usm/STM_sdk/Drivers/STM32F4xx_HAL_Driver/Src/stm32f4xx_hal_uart.c.obj
                0x08003c40                HAL_UART_RxCpltCallback
 .text.HAL_UART_ErrorCallback
                0x08003c42        0x2 CMakeFiles/Main.dir/Users/naichenzhao/Desktop/BML/lf_usm/STM_sdk/Drivers/STM32F4xx_HAL_Driver/Src/stm32f4xx_hal_uart.c.obj
                0x08003c42                HAL_UART_ErrorCallback
 .text.UART_DMAAbortOnError
                0x08003c44       0x10 CMakeFiles/Main.dir/Users/naichenzhao/Desktop/BML/lf_usm/STM_sdk/Drivers/STM32F4xx_HAL_Driver/Src/stm32f4xx_hal_uart.c.obj
 .text.HAL_UARTEx_RxEventCallback
                0x08003c54        0x2 CMakeFiles/Main.dir/Users/naichenzhao/Desktop/BML/lf_usm/STM_sdk/Drivers/STM32F4xx_HAL_Driver/Src/stm32f4xx_hal_uart.c.obj
                0x08003c54                HAL_UARTEx_RxEventCallback
 .text.UART_Receive_IT
                0x08003c56       0xe6 CMakeFiles/Main.dir/Users/naichenzhao/Desktop/BML/lf_usm/STM_sdk/Drivers/STM32F4xx_HAL_Driver/Src/stm32f4xx_hal_uart.c.obj
 .text.HAL_UART_IRQHandler
                0x08003d3c      0x284 CMakeFiles/Main.dir/Users/naichenzhao/Desktop/BML/lf_usm/STM_sdk/Drivers/STM32F4xx_HAL_Driver/Src/stm32f4xx_hal_uart.c.obj
                0x08003d3c                HAL_UART_IRQHandler
 .text.Reset_Handler
                0x08003fc0       0x50 CMakeFiles/Main.dir/Users/naichenzhao/Desktop/BML/lf_usm/STM_sdk/startup_stm32f446xx.s.obj
                0x08003fc0                Reset_Handler
 .text.Default_Handler
                0x08004010        0x2 CMakeFiles/Main.dir/Users/naichenzhao/Desktop/BML/lf_usm/STM_sdk/startup_stm32f446xx.s.obj
                0x08004010                DMA1_Stream3_IRQHandler
                0x08004010                EXTI2_IRQHandler
                0x08004010                TIM8_CC_IRQHandler
                0x08004010                FMPI2C1_EV_IRQHandler
                0x08004010                SPI4_IRQHandler
                0x08004010                TIM1_CC_IRQHandler
                0x08004010                DMA2_Stream5_IRQHandler
                0x08004010                PVD_IRQHandler
                0x08004010                SDIO_IRQHandler
                0x08004010                TAMP_STAMP_IRQHandler
                0x08004010                CAN2_RX1_IRQHandler
                0x08004010                EXTI3_IRQHandler
                0x08004010                TIM8_TRG_COM_TIM14_IRQHandler
                0x08004010                TIM1_UP_TIM10_IRQHandler
                0x08004010                TIM8_UP_TIM13_IRQHandler
                0x08004010                I2C3_ER_IRQHandler
                0x08004010                EXTI0_IRQHandler
                0x08004010                I2C2_EV_IRQHandler
                0x08004010                DMA1_Stream2_IRQHandler
                0x08004010                CAN1_RX0_IRQHandler
                0x08004010                FPU_IRQHandler
                0x08004010                OTG_HS_WKUP_IRQHandler
                0x08004010                CAN2_SCE_IRQHandler
                0x08004010                DMA2_Stream2_IRQHandler
                0x08004010                SPI1_IRQHandler
                0x08004010                TIM6_DAC_IRQHandler
                0x08004010                TIM1_BRK_TIM9_IRQHandler
                0x08004010                DCMI_IRQHandler
                0x08004010                CAN2_RX0_IRQHandler
                0x08004010                DMA2_Stream3_IRQHandler
                0x08004010                SAI2_IRQHandler
                0x08004010                USART6_IRQHandler
                0x08004010                USART3_IRQHandler
                0x08004010                CAN1_RX1_IRQHandler
                0x08004010                UART5_IRQHandler
                0x08004010                DMA2_Stream0_IRQHandler
                0x08004010                TIM4_IRQHandler
                0x08004010                QUADSPI_IRQHandler
                0x08004010                I2C1_EV_IRQHandler
                0x08004010                DMA1_Stream1_IRQHandler
                0x08004010                UART4_IRQHandler
                0x08004010                TIM3_IRQHandler
                0x08004010                RCC_IRQHandler
                0x08004010                TIM8_BRK_TIM12_IRQHandler
                0x08004010                Default_Handler
                0x08004010                CEC_IRQHandler
                0x08004010                EXTI15_10_IRQHandler
                0x08004010                ADC_IRQHandler
                0x08004010                DMA1_Stream7_IRQHandler
                0x08004010                TIM7_IRQHandler
                0x08004010                CAN2_TX_IRQHandler
                0x08004010                DMA2_Stream7_IRQHandler
                0x08004010                I2C3_EV_IRQHandler
                0x08004010                EXTI9_5_IRQHandler
                0x08004010                RTC_WKUP_IRQHandler
                0x08004010                SPDIF_RX_IRQHandler
                0x08004010                SPI2_IRQHandler
                0x08004010                OTG_HS_EP1_IN_IRQHandler
                0x08004010                DMA1_Stream0_IRQHandler
                0x08004010                CAN1_TX_IRQHandler
                0x08004010                FMPI2C1_ER_IRQHandler
                0x08004010                EXTI4_IRQHandler
                0x08004010                OTG_HS_EP1_OUT_IRQHandler
                0x08004010                WWDG_IRQHandler
                0x08004010                TIM2_IRQHandler
                0x08004010                OTG_FS_WKUP_IRQHandler
                0x08004010                TIM1_TRG_COM_TIM11_IRQHandler
                0x08004010                OTG_HS_IRQHandler
                0x08004010                EXTI1_IRQHandler
                0x08004010                I2C2_ER_IRQHandler
                0x08004010                DMA2_Stream1_IRQHandler
                0x08004010                CAN1_SCE_IRQHandler
                0x08004010                FLASH_IRQHandler
                0x08004010                DMA2_Stream4_IRQHandler
                0x08004010                USART1_IRQHandler
                0x08004010                OTG_FS_IRQHandler
                0x08004010                SPI3_IRQHandler
                0x08004010                DMA1_Stream4_IRQHandler
                0x08004010                I2C1_ER_IRQHandler
                0x08004010                FMC_IRQHandler
                0x08004010                DMA2_Stream6_IRQHandler
                0x08004010                SAI1_IRQHandler
                0x08004010                RTC_Alarm_IRQHandler
 *fill*         0x08004012        0x2 
 .text.lf_schedule_trigger
                0x08004014      0x270 CMakeFiles/Main.dir/lib/schedule.c.obj
                0x08004014                lf_schedule_trigger
 .text._main_mainreaction_function_3
                0x08004284       0x30 CMakeFiles/Main.dir/_main_main.c.obj
                0x08004284                _main_mainreaction_function_3
 .text.MX_GPIO_Init
                0x080042b4       0x8c CMakeFiles/Main.dir/_main_main.c.obj
 .text._main_mainreaction_function_0
                0x08004340        0x8 CMakeFiles/Main.dir/_main_main.c.obj
                0x08004340                _main_mainreaction_function_0
 .text._main_mainreaction_function_1
                0x08004348       0x48 CMakeFiles/Main.dir/_main_main.c.obj
                0x08004348                _main_mainreaction_function_1
 .text._main_mainreaction_function_4
                0x08004390       0x70 CMakeFiles/Main.dir/_main_main.c.obj
                0x08004390                _main_mainreaction_function_4
 .text._main_mainreaction_function_2
                0x08004400       0x88 CMakeFiles/Main.dir/_main_main.c.obj
                0x08004400                _main_mainreaction_function_2
 .text._main_mainreaction_function_5
                0x08004488      0x114 CMakeFiles/Main.dir/_main_main.c.obj
                0x08004488                _main_mainreaction_function_5
 *fill*         0x0800459c        0x4 
 .text.new__main_main
                0x080045a0      0x204 CMakeFiles/Main.dir/_main_main.c.obj
                0x080045a0                new__main_main
 .text.get_avg_r
                0x080047a4       0x48 CMakeFiles/Main.dir/_qdec.c.obj
 .text._qdecreaction_function_1
                0x080047ec       0x1c CMakeFiles/Main.dir/_qdec.c.obj
                0x080047ec                _qdecreaction_function_1
 .text.MX_UART3_Init
                0x08004808       0x34 CMakeFiles/Main.dir/_qdec.c.obj
 .text.MX_ADC1_Init
                0x0800483c       0x6c CMakeFiles/Main.dir/_qdec.c.obj
 .text._qdecreaction_function_0
                0x080048a8       0x24 CMakeFiles/Main.dir/_qdec.c.obj
                0x080048a8                _qdecreaction_function_0
 .text.get_ticks
                0x080048cc       0x68 CMakeFiles/Main.dir/_qdec.c.obj
 *fill*         0x08004934        0x4 
 .text._qdecreaction_function_2
                0x08004938      0x34c CMakeFiles/Main.dir/_qdec.c.obj
                0x08004938                _qdecreaction_function_2
 *fill*         0x08004c84        0x4 
 .text.new__qdec
                0x08004c88       0xf0 CMakeFiles/Main.dir/_qdec.c.obj
                0x08004c88                new__qdec
 .text._motor_driverreaction_function_0
                0x08004d78       0x52 CMakeFiles/Main.dir/_motor_driver.c.obj
                0x08004d78                _motor_driverreaction_function_0
 .text._motor_driverreaction_function_1
                0x08004dca       0x2e CMakeFiles/Main.dir/_motor_driver.c.obj
                0x08004dca                _motor_driverreaction_function_1
 .text._motor_driverreaction_function_2
                0x08004df8       0xf0 CMakeFiles/Main.dir/_motor_driver.c.obj
                0x08004df8                _motor_driverreaction_function_2
 .text.new__motor_driver
                0x08004ee8      0x1f0 CMakeFiles/Main.dir/_motor_driver.c.obj
                0x08004ee8                new__motor_driver
 .text.MX_TIM8_Init
                0x080050d8       0xe4 CMakeFiles/Main.dir/_stepper.c.obj
 .text.MX_TIM14_Init
                0x080051bc       0x74 CMakeFiles/Main.dir/_stepper.c.obj
 .text._stepperreaction_function_1
                0x08005230      0x174 CMakeFiles/Main.dir/_stepper.c.obj
                0x08005230                _stepperreaction_function_1
 .text.Stepper_GPIO_Init
                0x080053a4       0x58 CMakeFiles/Main.dir/_stepper.c.obj
 .text._stepperreaction_function_0
                0x080053fc       0x28 CMakeFiles/Main.dir/_stepper.c.obj
                0x080053fc                _stepperreaction_function_0
 *fill*         0x08005424        0x4 
 .text.new__stepper
                0x08005428       0xdc CMakeFiles/Main.dir/_stepper.c.obj
                0x08005428                new__stepper
 .text.MX_TIM2_Init
                0x08005504       0xd4 CMakeFiles/Main.dir/_usm.c.obj
 .text.MX_TIM3_Init
                0x080055d8       0xc0 CMakeFiles/Main.dir/_usm.c.obj
 .text.USM_GPIO_Init
                0x08005698       0xa4 CMakeFiles/Main.dir/_usm.c.obj
 .text._usmreaction_function_0
                0x0800573c       0x5c CMakeFiles/Main.dir/_usm.c.obj
                0x0800573c                _usmreaction_function_0
 .text._usmreaction_function_1
                0x08005798      0x1e0 CMakeFiles/Main.dir/_usm.c.obj
                0x08005798                _usmreaction_function_1
 .text.new__usm
                0x08005978      0x104 CMakeFiles/Main.dir/_usm.c.obj
                0x08005978                new__usm
 .text._ffb_controllerreaction_function_0
                0x08005a7c      0x104 CMakeFiles/Main.dir/_ffb_controller.c.obj
                0x08005a7c                _ffb_controllerreaction_function_0
 .text.new__ffb_controller
                0x08005b80       0xc0 CMakeFiles/Main.dir/_ffb_controller.c.obj
                0x08005b80                new__ffb_controller
 .text._sea_controlleryreaction_function_0
                0x08005c40      0x14c CMakeFiles/Main.dir/_sea_controllery.c.obj
                0x08005c40                _sea_controlleryreaction_function_0
 .text._sea_controlleryreaction_function_1
                0x08005d8c       0x96 CMakeFiles/Main.dir/_sea_controllery.c.obj
                0x08005d8c                _sea_controlleryreaction_function_1
 *fill*         0x08005e22        0x6 
 .text.new__sea_controllery
                0x08005e28      0x114 CMakeFiles/Main.dir/_sea_controllery.c.obj
                0x08005e28                new__sea_controllery
 .text._pid_controllerreaction_function_0
                0x08005f3c       0xcc CMakeFiles/Main.dir/_pid_controller.c.obj
                0x08005f3c                _pid_controllerreaction_function_0
 .text.new__pid_controller
                0x08006008       0xb0 CMakeFiles/Main.dir/_pid_controller.c.obj
                0x08006008                new__pid_controller
 .text._homereaction_function_0
                0x080060b8      0x328 CMakeFiles/Main.dir/_home.c.obj
                0x080060b8                _homereaction_function_0
 .text.new__home
                0x080063e0       0xb8 CMakeFiles/Main.dir/_home.c.obj
                0x080063e0                new__home
 .text.Switch_GPIO_Init
                0x08006498       0x94 CMakeFiles/Main.dir/_switches.c.obj
 .text._switchesreaction_function_0
                0x0800652c        0x8 CMakeFiles/Main.dir/_switches.c.obj
                0x0800652c                _switchesreaction_function_0
 .text._switchesreaction_function_1
                0x08006534       0xf0 CMakeFiles/Main.dir/_switches.c.obj
                0x08006534                _switchesreaction_function_1
 *fill*         0x08006624        0x4 
 .text.new__switches
                0x08006628       0xa4 CMakeFiles/Main.dir/_switches.c.obj
                0x08006628                new__switches
 .text.main     0x080066cc        0xc CMakeFiles/Main.dir/Main.c.obj
                0x080066cc                main
 .text.lf_set_default_command_line_options
                0x080066d8        0x2 CMakeFiles/Main.dir/Main.c.obj
                0x080066d8                lf_set_default_command_line_options
 *fill*         0x080066da        0x2 
 .text.lf_create_environments
                0x080066dc       0x40 CMakeFiles/Main.dir/Main.c.obj
                0x080066dc                lf_create_environments
 .text._lf_get_environments
                0x0800671c        0xc CMakeFiles/Main.dir/Main.c.obj
                0x0800671c                _lf_get_environments
 .text._lf_initialize_trigger_objects
                0x08006728     0x2890 CMakeFiles/Main.dir/Main.c.obj
                0x08006728                _lf_initialize_trigger_objects
 .text.lf_terminate_execution
                0x08008fb8        0x2 CMakeFiles/Main.dir/Main.c.obj
                0x08008fb8                lf_terminate_execution
 .text.lf_tag_compare
                0x08008fba       0x44 core/libreactor-c.a(tag.c.obj)
                0x08008fba                lf_tag_compare
 *fill*         0x08008ffe        0x2 
 .text.lf_delay_tag
                0x08009000       0x8c core/libreactor-c.a(tag.c.obj)
                0x08009000                lf_delay_tag
 .text.lf_time_logical
                0x0800908c        0x6 core/libreactor-c.a(tag.c.obj)
                0x0800908c                lf_time_logical
 *fill*         0x08009092        0x2 
 .text.lf_time_logical_elapsed
                0x08009094       0x18 core/libreactor-c.a(tag.c.obj)
                0x08009094                lf_time_logical_elapsed
 .text.lf_time_physical
                0x080090ac       0x14 core/libreactor-c.a(tag.c.obj)
                0x080090ac                lf_time_physical
 .text.lf_time_physical_elapsed
                0x080090c0       0x18 core/libreactor-c.a(tag.c.obj)
                0x080090c0                lf_time_physical_elapsed
 .text.lf_time_start
                0x080090d8        0xc core/libreactor-c.a(tag.c.obj)
                0x080090d8                lf_time_start
 .text.lf_comma_separated_time
                0x080090e4       0xec core/libreactor-c.a(tag.c.obj)
                0x080090e4                lf_comma_separated_time
 .text.lf_clock_gettime
                0x080091d0       0x54 core/libreactor-c.a(clock.c.obj)
                0x080091d0                lf_clock_gettime
 .text.lf_clock_interruptable_sleep_until_locked
                0x08009224        0x8 core/libreactor-c.a(clock.c.obj)
                0x08009224                lf_clock_interruptable_sleep_until_locked
 .text.mixed_radix_incr
                0x0800922c       0x4a core/libreactor-c.a(mixed_radix.c.obj)
                0x0800922c                mixed_radix_incr
 .text.mixed_radix_parent
                0x08009276       0x2c core/libreactor-c.a(mixed_radix.c.obj)
                0x08009276                mixed_radix_parent
 .text.mixed_radix_to_int
                0x080092a2        0xa core/libreactor-c.a(mixed_radix.c.obj)
                0x080092a2                mixed_radix_to_int
 .text.lf_allocate
                0x080092ac       0x3c core/libreactor-c.a(reactor_common.c.obj)
                0x080092ac                lf_allocate
 .text.lf_new_reactor
                0x080092e8       0x14 core/libreactor-c.a(reactor_common.c.obj)
                0x080092e8                lf_new_reactor
 .text.lf_free  0x080092fc       0x26 core/libreactor-c.a(reactor_common.c.obj)
                0x080092fc                lf_free
 .text.lf_free_reactor
                0x08009322       0x10 core/libreactor-c.a(reactor_common.c.obj)
                0x08009322                lf_free_reactor
 *fill*         0x08009332        0x2 
 .text.lf_free_all_reactors
                0x08009334       0x28 core/libreactor-c.a(reactor_common.c.obj)
                0x08009334                lf_free_all_reactors
 .text.lf_set_stop_tag
                0x0800935c       0x3a core/libreactor-c.a(reactor_common.c.obj)
                0x0800935c                lf_set_stop_tag
 .text._lf_start_time_step
                0x08009396       0x64 core/libreactor-c.a(reactor_common.c.obj)
                0x08009396                _lf_start_time_step
 .text.lf_is_tag_after_stop_tag
                0x080093fa       0x2e core/libreactor-c.a(reactor_common.c.obj)
                0x080093fa                lf_is_tag_after_stop_tag
 .text.lf_get_new_event
                0x08009428       0x2c core/libreactor-c.a(reactor_common.c.obj)
                0x08009428                lf_get_new_event
 .text._lf_initialize_timer
                0x08009454       0x9a core/libreactor-c.a(reactor_common.c.obj)
                0x08009454                _lf_initialize_timer
 .text._lf_trigger_startup_reactions
                0x080094ee       0x4c core/libreactor-c.a(reactor_common.c.obj)
                0x080094ee                _lf_trigger_startup_reactions
 .text._lf_trigger_shutdown_reactions
                0x0800953a       0x3c core/libreactor-c.a(reactor_common.c.obj)
                0x0800953a                _lf_trigger_shutdown_reactions
 *fill*         0x08009576        0x2 
 .text.lf_recycle_event
                0x08009578       0x28 core/libreactor-c.a(reactor_common.c.obj)
                0x08009578                lf_recycle_event
 .text._lf_pop_events
                0x080095a0       0xec core/libreactor-c.a(reactor_common.c.obj)
                0x080095a0                _lf_pop_events
 .text._lf_initialize_timers
                0x0800968c       0x38 core/libreactor-c.a(reactor_common.c.obj)
                0x0800968c                _lf_initialize_timers
 .text._lf_create_dummy_events
                0x080096c4       0x28 core/libreactor-c.a(reactor_common.c.obj)
                0x080096c4                _lf_create_dummy_events
 .text.lf_replace_token
                0x080096ec       0x14 core/libreactor-c.a(reactor_common.c.obj)
                0x080096ec                lf_replace_token
 .text._lf_schedule_at_tag
                0x08009700      0x12c core/libreactor-c.a(reactor_common.c.obj)
                0x08009700                _lf_schedule_at_tag
 .text._lf_advance_tag
                0x0800982c       0x6c core/libreactor-c.a(reactor_common.c.obj)
                0x0800982c                _lf_advance_tag
 .text._lf_invoke_reaction
                0x08009898       0x16 core/libreactor-c.a(reactor_common.c.obj)
                0x08009898                _lf_invoke_reaction
 .text.schedule_output_reactions
                0x080098ae      0x110 core/libreactor-c.a(reactor_common.c.obj)
                0x080098ae                schedule_output_reactions
 *fill*         0x080099be        0x2 
 .text.usage    0x080099c0       0xac core/libreactor-c.a(reactor_common.c.obj)
                0x080099c0                usage
 .text.process_args
                0x08009a6c      0x3c0 core/libreactor-c.a(reactor_common.c.obj)
                0x08009a6c                process_args
 .text.initialize_global
                0x08009e2c        0x8 core/libreactor-c.a(reactor_common.c.obj)
                0x08009e2c                initialize_global
 .text.termination
                0x08009e34      0x128 core/libreactor-c.a(reactor_common.c.obj)
                0x08009e34                termination
 .text.lf_combine_deadline_and_level
                0x08009f5c       0x2c core/libreactor-c.a(reactor_common.c.obj)
                0x08009f5c                lf_combine_deadline_and_level
 .text._lf_free_token_value
                0x08009f88       0x1c core/libreactor-c.a(lf_token.c.obj)
 .text._lf_free_token
                0x08009fa4       0x7c core/libreactor-c.a(lf_token.c.obj)
                0x08009fa4                _lf_free_token
 .text._lf_new_token
                0x0800a020       0x6c core/libreactor-c.a(lf_token.c.obj)
                0x0800a020                _lf_new_token
 .text._lf_done_using
                0x0800a08c       0x28 core/libreactor-c.a(lf_token.c.obj)
                0x0800a08c                _lf_done_using
 .text._lf_get_token
                0x0800a0b4       0x2e core/libreactor-c.a(lf_token.c.obj)
                0x0800a0b4                _lf_get_token
 .text._lf_initialize_token_with_value
                0x0800a0e2       0x10 core/libreactor-c.a(lf_token.c.obj)
                0x0800a0e2                _lf_initialize_token_with_value
 *fill*         0x0800a0f2        0x2 
 .text._lf_free_all_tokens
                0x0800a0f4       0x88 core/libreactor-c.a(lf_token.c.obj)
                0x0800a0f4                _lf_free_all_tokens
 .text._lf_replace_template_token
                0x0800a17c       0x1e core/libreactor-c.a(lf_token.c.obj)
                0x0800a17c                _lf_replace_template_token
 *fill*         0x0800a19a        0x2 
 .text._lf_free_token_copies
                0x0800a19c       0x24 core/libreactor-c.a(lf_token.c.obj)
                0x0800a19c                _lf_free_token_copies
 .text.event_matches
                0x0800a1c0        0xe core/libreactor-c.a(environment.c.obj)
 .text.print_event
                0x0800a1ce        0x2 core/libreactor-c.a(environment.c.obj)
 .text.environment_free_modes
                0x0800a1d0       0x26 core/libreactor-c.a(environment.c.obj)
 .text.environment_free_single_threaded
                0x0800a1f6        0xc core/libreactor-c.a(environment.c.obj)
 .text.environment_init_modes
                0x0800a202       0x48 core/libreactor-c.a(environment.c.obj)
 *fill*         0x0800a24a        0x2 
 .text.environment_init_single_threaded
                0x0800a24c       0x40 core/libreactor-c.a(environment.c.obj)
 .text.environment_free
                0x0800a28c       0x48 core/libreactor-c.a(environment.c.obj)
                0x0800a28c                environment_free
 .text.environment_init_tags
                0x0800a2d4       0x4c core/libreactor-c.a(environment.c.obj)
                0x0800a2d4                environment_init_tags
 .text.environment_init
                0x0800a320      0x13c core/libreactor-c.a(environment.c.obj)
                0x0800a320                environment_init
 .text.lf_set_present
                0x0800a45c       0x58 core/libreactor-c.a(reactor.c.obj)
                0x0800a45c                lf_set_present
 .text.wait_until
                0x0800a4b4       0x18 core/libreactor-c.a(reactor.c.obj)
                0x0800a4b4                wait_until
 .text._lf_trigger_reaction
                0x0800a4cc       0x38 core/libreactor-c.a(reactor.c.obj)
                0x0800a4cc                _lf_trigger_reaction
 .text._lf_do_step
                0x0800a504       0x9e core/libreactor-c.a(reactor.c.obj)
                0x0800a504                _lf_do_step
 .text.lf_critical_section_enter
                0x0800a5a2        0x8 core/libreactor-c.a(reactor.c.obj)
                0x0800a5a2                lf_critical_section_enter
 .text.lf_critical_section_exit
                0x0800a5aa        0x8 core/libreactor-c.a(reactor.c.obj)
                0x0800a5aa                lf_critical_section_exit
 *fill*         0x0800a5b2        0x2 
 .text.next     0x0800a5b4       0xec core/libreactor-c.a(reactor.c.obj)
                0x0800a5b4                next
 .text.lf_reactor_c_main
                0x0800a6a0       0xf0 core/libreactor-c.a(reactor.c.obj)
                0x0800a6a0                lf_reactor_c_main
 .text.vector_resize
                0x0800a790       0x26 core/libreactor-c.a(vector.c.obj)
 .text.vector_at
                0x0800a7b6       0x3e core/libreactor-c.a(vector.c.obj)
                0x0800a7b6                vector_at
 .text.vector_size
                0x0800a7f4        0xa core/libreactor-c.a(vector.c.obj)
                0x0800a7f4                vector_size
 .text.maxchild
                0x0800a7fe       0x4c core/libreactor-c.a(pqueue_base.c.obj)
 .text.bubble_up
                0x0800a84a       0x66 core/libreactor-c.a(pqueue_base.c.obj)
 .text.percolate_down
                0x0800a8b0       0x6c core/libreactor-c.a(pqueue_base.c.obj)
 .text.find_equal_same_priority
                0x0800a91c       0xa8 core/libreactor-c.a(pqueue_base.c.obj)
                0x0800a91c                find_equal_same_priority
 .text.pqueue_init
                0x0800a9c4       0x52 core/libreactor-c.a(pqueue_base.c.obj)
                0x0800a9c4                pqueue_init
 .text.pqueue_free
                0x0800aa16       0x12 core/libreactor-c.a(pqueue_base.c.obj)
                0x0800aa16                pqueue_free
 .text.pqueue_size
                0x0800aa28        0xc core/libreactor-c.a(pqueue_base.c.obj)
                0x0800aa28                pqueue_size
 .text.pqueue_find_equal_same_priority
                0x0800aa34        0xa core/libreactor-c.a(pqueue_base.c.obj)
                0x0800aa34                pqueue_find_equal_same_priority
 .text.pqueue_insert
                0x0800aa3e       0x40 core/libreactor-c.a(pqueue_base.c.obj)
                0x0800aa3e                pqueue_insert
 .text.pqueue_remove
                0x0800aa7e       0x68 core/libreactor-c.a(pqueue_base.c.obj)
                0x0800aa7e                pqueue_remove
 .text.pqueue_pop
                0x0800aae6       0x2a core/libreactor-c.a(pqueue_base.c.obj)
                0x0800aae6                pqueue_pop
 .text.pqueue_peek
                0x0800ab10       0x14 core/libreactor-c.a(pqueue_base.c.obj)
                0x0800ab10                pqueue_peek
 .text.pqueue_tag_get_priority
                0x0800ab24        0x4 core/libreactor-c.a(pqueue_tag.c.obj)
 .text.pqueue_tag_get_position
                0x0800ab28        0x4 core/libreactor-c.a(pqueue_tag.c.obj)
 .text.pqueue_tag_set_position
                0x0800ab2c        0x4 core/libreactor-c.a(pqueue_tag.c.obj)
 .text.pqueue_tag_compare
                0x0800ab30       0x1a core/libreactor-c.a(pqueue_tag.c.obj)
                0x0800ab30                pqueue_tag_compare
 *fill*         0x0800ab4a        0x2 
 .text.pqueue_tag_init_customize
                0x0800ab4c       0x28 core/libreactor-c.a(pqueue_tag.c.obj)
                0x0800ab4c                pqueue_tag_init_customize
 .text.pqueue_tag_free
                0x0800ab74       0x2e core/libreactor-c.a(pqueue_tag.c.obj)
                0x0800ab74                pqueue_tag_free
 .text.pqueue_tag_size
                0x0800aba2        0x8 core/libreactor-c.a(pqueue_tag.c.obj)
                0x0800aba2                pqueue_tag_size
 .text.pqueue_tag_insert
                0x0800abaa        0x8 core/libreactor-c.a(pqueue_tag.c.obj)
                0x0800abaa                pqueue_tag_insert
 .text.pqueue_tag_find_equal_same_tag
                0x0800abb2        0x8 core/libreactor-c.a(pqueue_tag.c.obj)
                0x0800abb2                pqueue_tag_find_equal_same_tag
 .text.pqueue_tag_peek
                0x0800abba        0x8 core/libreactor-c.a(pqueue_tag.c.obj)
                0x0800abba                pqueue_tag_peek
 .text.pqueue_tag_pop
                0x0800abc2        0x8 core/libreactor-c.a(pqueue_tag.c.obj)
                0x0800abc2                pqueue_tag_pop
 .text.pqueue_tag_remove
                0x0800abca        0x8 core/libreactor-c.a(pqueue_tag.c.obj)
                0x0800abca                pqueue_tag_remove
 .text.in_reverse_order
                0x0800abd2       0x1c core/libreactor-c.a(pqueue.c.obj)
                0x0800abd2                in_reverse_order
 .text.in_no_particular_order
                0x0800abee        0x4 core/libreactor-c.a(pqueue.c.obj)
                0x0800abee                in_no_particular_order
 .text.reaction_matches
                0x0800abf2        0xa core/libreactor-c.a(pqueue.c.obj)
                0x0800abf2                reaction_matches
 .text.get_reaction_index
                0x0800abfc        0x6 core/libreactor-c.a(pqueue.c.obj)
                0x0800abfc                get_reaction_index
 .text.get_reaction_position
                0x0800ac02        0x4 core/libreactor-c.a(pqueue.c.obj)
                0x0800ac02                get_reaction_position
 .text.set_reaction_position
                0x0800ac06        0x4 core/libreactor-c.a(pqueue.c.obj)
                0x0800ac06                set_reaction_position
 .text.print_reaction
                0x0800ac0a        0x2 core/libreactor-c.a(pqueue.c.obj)
                0x0800ac0a                print_reaction
 .text._lf_message_print
                0x0800ac0c       0xf0 core/libreactor-c.a(util.c.obj)
                0x0800ac0c                _lf_message_print
 .text.lf_vprint_fatal_error
                0x0800acfc       0x14 core/libreactor-c.a(util.c.obj)
 .text.lf_vprint_error
                0x0800ad10       0x14 core/libreactor-c.a(util.c.obj)
                0x0800ad10                lf_vprint_error
 .text.lf_print_error
                0x0800ad24       0x1c core/libreactor-c.a(util.c.obj)
                0x0800ad24                lf_print_error
 .text.lf_vprint_warning
                0x0800ad40       0x14 core/libreactor-c.a(util.c.obj)
                0x0800ad40                lf_vprint_warning
 .text.lf_print_warning
                0x0800ad54       0x1c core/libreactor-c.a(util.c.obj)
                0x0800ad54                lf_print_warning
 .text.lf_print_error_and_exit
                0x0800ad70       0x28 core/libreactor-c.a(util.c.obj)
                0x0800ad70                lf_print_error_and_exit
 .text.hashset_add_member
                0x0800ad98       0x6a core/libreactor-c.a(hashset.c.obj)
 *fill*         0x0800ae02        0x2 
 .text.maybe_rehash
                0x0800ae04       0x70 core/libreactor-c.a(hashset.c.obj)
 .text.hashset_num_items
                0x0800ae74        0x4 core/libreactor-c.a(hashset.c.obj)
                0x0800ae74                hashset_num_items
 .text.hashset_destroy
                0x0800ae78       0x16 core/libreactor-c.a(hashset.c.obj)
                0x0800ae78                hashset_destroy
 .text.hashset_create
                0x0800ae8e       0x3e core/libreactor-c.a(hashset.c.obj)
                0x0800ae8e                hashset_create
 .text.hashset_add
                0x0800aecc       0x14 core/libreactor-c.a(hashset.c.obj)
                0x0800aecc                hashset_add
 .text.hashset_remove
                0x0800aee0       0x44 core/libreactor-c.a(hashset.c.obj)
                0x0800aee0                hashset_remove
 .text.hashset_iterator
                0x0800af24       0x1c core/libreactor-c.a(hashset_itr.c.obj)
                0x0800af24                hashset_iterator
 .text.hashset_iterator_next
                0x0800af40       0x42 core/libreactor-c.a(hashset_itr.c.obj)
                0x0800af40                hashset_iterator_next
 .text.hashset_iterator_value
                0x0800af82        0xc core/libreactor-c.a(hashset_itr.c.obj)
                0x0800af82                hashset_iterator_value
 *fill*         0x0800af8e        0x2 
 .text._lf_add_suspended_event
                0x0800af90       0x3c core/libreactor-c.a(modes.c.obj)
                0x0800af90                _lf_add_suspended_event
 .text._lf_remove_suspended_event
                0x0800afcc       0x4c core/libreactor-c.a(modes.c.obj)
                0x0800afcc                _lf_remove_suspended_event
 .text._lf_mode_is_active
                0x0800b018        0xe core/libreactor-c.a(modes.c.obj)
                0x0800b018                _lf_mode_is_active
 .text._lf_initialize_mode_states
                0x0800b026       0x42 core/libreactor-c.a(modes.c.obj)
                0x0800b026                _lf_initialize_mode_states
 .text._lf_handle_mode_startup_reset_reactions
                0x0800b068      0x110 core/libreactor-c.a(modes.c.obj)
                0x0800b068                _lf_handle_mode_startup_reset_reactions
 .text._lf_handle_mode_shutdown_reactions
                0x0800b178       0x42 core/libreactor-c.a(modes.c.obj)
                0x0800b178                _lf_handle_mode_shutdown_reactions
 *fill*         0x0800b1ba        0x2 
 .text._lf_process_mode_changes
                0x0800b1bc      0x2bc core/libreactor-c.a(modes.c.obj)
                0x0800b1bc                _lf_process_mode_changes
 .text._lf_terminate_modal_reactors
                0x0800b478       0x50 core/libreactor-c.a(modes.c.obj)
                0x0800b478                _lf_terminate_modal_reactors
 .text._lf_initialize_modes
                0x0800b4c8       0x12 core/libreactor-c.a(modes.c.obj)
                0x0800b4c8                _lf_initialize_modes
 .text._lf_handle_mode_changes
                0x0800b4da       0x24 core/libreactor-c.a(modes.c.obj)
                0x0800b4da                _lf_handle_mode_changes
 .text._lf_handle_mode_triggered_reactions
                0x0800b4fe       0x28 core/libreactor-c.a(modes.c.obj)
                0x0800b4fe                _lf_handle_mode_triggered_reactions
 *fill*         0x0800b526        0x2 
 .text.TIM5_IRQHandler
                0x0800b528       0x28 core/liblf-low-level-platform-impl.a(lf_STM32f4_support.c.obj)
                0x0800b528                TIM5_IRQHandler
 .text._lf_clock_gettime
                0x0800b550       0x4c core/liblf-low-level-platform-impl.a(lf_STM32f4_support.c.obj)
                0x0800b550                _lf_clock_gettime
 .text.lf_sleep
                0x0800b59c       0x48 core/liblf-low-level-platform-impl.a(lf_STM32f4_support.c.obj)
                0x0800b59c                lf_sleep
 .text.lf_busy_wait_until
                0x0800b5e4       0x20 core/liblf-low-level-platform-impl.a(lf_STM32f4_support.c.obj)
 .text.lf_disable_interrupts_nested
                0x0800b604       0x18 core/liblf-low-level-platform-impl.a(lf_STM32f4_support.c.obj)
                0x0800b604                lf_disable_interrupts_nested
 .text.lf_enable_interrupts_nested
                0x0800b61c       0x20 core/liblf-low-level-platform-impl.a(lf_STM32f4_support.c.obj)
                0x0800b61c                lf_enable_interrupts_nested
 .text._lf_interruptable_sleep_until_locked
                0x0800b63c       0x74 core/liblf-low-level-platform-impl.a(lf_STM32f4_support.c.obj)
                0x0800b63c                _lf_interruptable_sleep_until_locked
 .text.Error_Handler
                0x0800b6b0        0x4 core/liblf-low-level-platform-impl.a(lf_STM32f4_support.c.obj)
                0x0800b6b0                Error_Handler
 .text.lf_SystemClock_Config
                0x0800b6b4       0x8c core/liblf-low-level-platform-impl.a(lf_STM32f4_support.c.obj)
                0x0800b6b4                lf_SystemClock_Config
 .text._lf_initialize_clock
                0x0800b740       0x58 core/liblf-low-level-platform-impl.a(lf_STM32f4_support.c.obj)
                0x0800b740                _lf_initialize_clock
 .text.lf_atomic_fetch_add64
                0x0800b798       0x2a core/liblf-low-level-platform-impl.a(lf_atomic_irq.c.obj)
                0x0800b798                lf_atomic_fetch_add64
 .text.lf_atomic_bool_compare_and_swap64
                0x0800b7c2       0x2e core/liblf-low-level-platform-impl.a(lf_atomic_irq.c.obj)
                0x0800b7c2                lf_atomic_bool_compare_and_swap64
 .text.__udivmoddi4
                0x0800b7f0      0x2bc /Applications/ArmGNUToolchain/13.3.rel1/arm-none-eabi/bin/../lib/gcc/arm-none-eabi/13.3.1/thumb/v7e-m+fp/softfp/libgcc.a(_udivmoddi4.o)
                0x0800b7f0                __udivmoddi4
 .text.atexit   0x0800baac        0xc /Applications/ArmGNUToolchain/13.3.rel1/arm-none-eabi/bin/../lib/gcc/arm-none-eabi/13.3.1/../../../../arm-none-eabi/lib/thumb/v7e-m+fp/softfp/libc_nano.a(libc_a-atexit.o)
                0x0800baac                atexit
 .text.atoi     0x0800bab8        0x8 /Applications/ArmGNUToolchain/13.3.rel1/arm-none-eabi/bin/../lib/gcc/arm-none-eabi/13.3.1/../../../../arm-none-eabi/lib/thumb/v7e-m+fp/softfp/libc_nano.a(libc_a-atoi.o)
                0x0800bab8                atoi
 .text.calloc   0x0800bac0       0x10 /Applications/ArmGNUToolchain/13.3.rel1/arm-none-eabi/bin/../lib/gcc/arm-none-eabi/13.3.1/../../../../arm-none-eabi/lib/thumb/v7e-m+fp/softfp/libc_nano.a(libc_a-calloc.o)
                0x0800bac0                calloc
 .text._calloc_r
                0x0800bad0       0x28 /Applications/ArmGNUToolchain/13.3.rel1/arm-none-eabi/bin/../lib/gcc/arm-none-eabi/13.3.1/../../../../arm-none-eabi/lib/thumb/v7e-m+fp/softfp/libc_nano.a(libc_a-callocr.o)
                0x0800bad0                _calloc_r
 .text.__sfputc_r
                0x0800baf8       0x2e /Applications/ArmGNUToolchain/13.3.rel1/arm-none-eabi/bin/../lib/gcc/arm-none-eabi/13.3.1/../../../../arm-none-eabi/lib/thumb/v7e-m+fp/softfp/libc_nano.a(libc_a-nano-vfprintf.o)
 .text.__sfputs_r
                0x0800bb26       0x24 /Applications/ArmGNUToolchain/13.3.rel1/arm-none-eabi/bin/../lib/gcc/arm-none-eabi/13.3.1/../../../../arm-none-eabi/lib/thumb/v7e-m+fp/softfp/libc_nano.a(libc_a-nano-vfprintf.o)
                0x0800bb26                __sfputs_r
 *fill*         0x0800bb4a        0x2 
 .text._vfprintf_r
                0x0800bb4c      0x230 /Applications/ArmGNUToolchain/13.3.rel1/arm-none-eabi/bin/../lib/gcc/arm-none-eabi/13.3.1/../../../../arm-none-eabi/lib/thumb/v7e-m+fp/softfp/libc_nano.a(libc_a-nano-vfprintf.o)
                0x0800bb4c                _vfiprintf_r
                0x0800bb4c                _vfprintf_r
 .text.vfprintf
                0x0800bd7c       0x14 /Applications/ArmGNUToolchain/13.3.rel1/arm-none-eabi/bin/../lib/gcc/arm-none-eabi/13.3.1/../../../../arm-none-eabi/lib/thumb/v7e-m+fp/softfp/libc_nano.a(libc_a-nano-vfprintf.o)
                0x0800bd7c                vfiprintf
                0x0800bd7c                vfprintf
 .text.malloc   0x0800bd90       0x10 /Applications/ArmGNUToolchain/13.3.rel1/arm-none-eabi/bin/../lib/gcc/arm-none-eabi/13.3.1/../../../../arm-none-eabi/lib/thumb/v7e-m+fp/softfp/libc_nano.a(libc_a-malloc.o)
                0x0800bd90                malloc
 .text.free     0x0800bda0       0x10 /Applications/ArmGNUToolchain/13.3.rel1/arm-none-eabi/bin/../lib/gcc/arm-none-eabi/13.3.1/../../../../arm-none-eabi/lib/thumb/v7e-m+fp/softfp/libc_nano.a(libc_a-malloc.o)
                0x0800bda0                free
 .text._printf_common
                0x0800bdb0       0xda /Applications/ArmGNUToolchain/13.3.rel1/arm-none-eabi/bin/../lib/gcc/arm-none-eabi/13.3.1/../../../../arm-none-eabi/lib/thumb/v7e-m+fp/softfp/libc_nano.a(libc_a-nano-vfprintf_i.o)
                0x0800bdb0                _printf_common
 *fill*         0x0800be8a        0x2 
 .text._printf_i
                0x0800be8c      0x23c /Applications/ArmGNUToolchain/13.3.rel1/arm-none-eabi/bin/../lib/gcc/arm-none-eabi/13.3.1/../../../../arm-none-eabi/lib/thumb/v7e-m+fp/softfp/libc_nano.a(libc_a-nano-vfprintf_i.o)
                0x0800be8c                _printf_i
 .text.snprintf
                0x0800c0c8       0x6c /Applications/ArmGNUToolchain/13.3.rel1/arm-none-eabi/bin/../lib/gcc/arm-none-eabi/13.3.1/../../../../arm-none-eabi/lib/thumb/v7e-m+fp/softfp/libc_nano.a(libc_a-snprintf.o)
                0x0800c0c8                snprintf
                0x0800c0c8                sniprintf
 .text.realloc  0x0800c134       0x10 /Applications/ArmGNUToolchain/13.3.rel1/arm-none-eabi/bin/../lib/gcc/arm-none-eabi/13.3.1/../../../../arm-none-eabi/lib/thumb/v7e-m+fp/softfp/libc_nano.a(libc_a-realloc.o)
                0x0800c134                realloc
 .text._realloc_r
                0x0800c144       0x5c /Applications/ArmGNUToolchain/13.3.rel1/arm-none-eabi/bin/../lib/gcc/arm-none-eabi/13.3.1/../../../../arm-none-eabi/lib/thumb/v7e-m+fp/softfp/libc_nano.a(libc_a-reallocr.o)
                0x0800c144                _realloc_r
 .text.__swbuf_r
                0x0800c1a0       0x7c /Applications/ArmGNUToolchain/13.3.rel1/arm-none-eabi/bin/../lib/gcc/arm-none-eabi/13.3.1/../../../../arm-none-eabi/lib/thumb/v7e-m+fp/softfp/libc_nano.a(libc_a-wbuf.o)
                0x0800c1a0                __swbuf_r
 .text._strtol_l.isra.0
                0x0800c21c       0xf4 /Applications/ArmGNUToolchain/13.3.rel1/arm-none-eabi/bin/../lib/gcc/arm-none-eabi/13.3.1/../../../../arm-none-eabi/lib/thumb/v7e-m+fp/softfp/libc_nano.a(libc_a-strtol.o)
 .text.strtol   0x0800c310       0x14 /Applications/ArmGNUToolchain/13.3.rel1/arm-none-eabi/bin/../lib/gcc/arm-none-eabi/13.3.1/../../../../arm-none-eabi/lib/thumb/v7e-m+fp/softfp/libc_nano.a(libc_a-strtol.o)
                0x0800c310                strtol
 .text.__swsetup_r
                0x0800c324       0xac /Applications/ArmGNUToolchain/13.3.rel1/arm-none-eabi/bin/../lib/gcc/arm-none-eabi/13.3.1/../../../../arm-none-eabi/lib/thumb/v7e-m+fp/softfp/libc_nano.a(libc_a-wsetup.o)
                0x0800c324                __swsetup_r
 .text.__swhatbuf_r
                0x0800c3d0       0x4c /Applications/ArmGNUToolchain/13.3.rel1/arm-none-eabi/bin/../lib/gcc/arm-none-eabi/13.3.1/../../../../arm-none-eabi/lib/thumb/v7e-m+fp/softfp/libc_nano.a(libc_a-makebuf.o)
                0x0800c3d0                __swhatbuf_r
 .text.__smakebuf_r
                0x0800c41c       0x78 /Applications/ArmGNUToolchain/13.3.rel1/arm-none-eabi/bin/../lib/gcc/arm-none-eabi/13.3.1/../../../../arm-none-eabi/lib/thumb/v7e-m+fp/softfp/libc_nano.a(libc_a-makebuf.o)
                0x0800c41c                __smakebuf_r
 .text.printf   0x0800c494       0x24 /Applications/ArmGNUToolchain/13.3.rel1/arm-none-eabi/bin/../lib/gcc/arm-none-eabi/13.3.1/../../../../arm-none-eabi/lib/thumb/v7e-m+fp/softfp/libc_nano.a(libc_a-printf.o)
                0x0800c494                printf
                0x0800c494                iprintf
 .text._puts_r  0x0800c4b8       0xaa /Applications/ArmGNUToolchain/13.3.rel1/arm-none-eabi/bin/../lib/gcc/arm-none-eabi/13.3.1/../../../../arm-none-eabi/lib/thumb/v7e-m+fp/softfp/libc_nano.a(libc_a-puts.o)
                0x0800c4b8                _puts_r
 *fill*         0x0800c562        0x2 
 .text.puts     0x0800c564       0x10 /Applications/ArmGNUToolchain/13.3.rel1/arm-none-eabi/bin/../lib/gcc/arm-none-eabi/13.3.1/../../../../arm-none-eabi/lib/thumb/v7e-m+fp/softfp/libc_nano.a(libc_a-puts.o)
                0x0800c564                puts
 .text.memmove  0x0800c574       0x34 /Applications/ArmGNUToolchain/13.3.rel1/arm-none-eabi/bin/../lib/gcc/arm-none-eabi/13.3.1/../../../../arm-none-eabi/lib/thumb/v7e-m+fp/softfp/libc_nano.a(libc_a-memmove.o)
                0x0800c574                memmove
 .text.strncmp  0x0800c5a8       0x24 /Applications/ArmGNUToolchain/13.3.rel1/arm-none-eabi/bin/../lib/gcc/arm-none-eabi/13.3.1/../../../../arm-none-eabi/lib/thumb/v7e-m+fp/softfp/libc_nano.a(libc_a-strncmp.o)
                0x0800c5a8                strncmp
 .text._init_signal_r
                0x0800c5cc       0x28 /Applications/ArmGNUToolchain/13.3.rel1/arm-none-eabi/bin/../lib/gcc/arm-none-eabi/13.3.1/../../../../arm-none-eabi/lib/thumb/v7e-m+fp/softfp/libc_nano.a(libc_a-signal.o)
                0x0800c5cc                _init_signal_r
 .text._signal_r